Component: ARM Compiler 5.06 update 1 (build 61) Tool: armlink [4d35a8]

==============================================================================

Section Cross References

    main.o(i.Flash_Write) refers to stm32f0xx_flash.o(i.FLASH_Unlock) for FLASH_Unlock
    main.o(i.Flash_Write) refers to stm32f0xx_flash.o(i.FLASH_ClearFlag) for FLASH_ClearFlag
    main.o(i.Flash_Write) refers to stm32f0xx_flash.o(i.FLASH_ErasePage) for FLASH_ErasePage
    main.o(i.Flash_Write) refers to stm32f0xx_flash.o(i.FLASH_ProgramWord) for FLASH_ProgramWord
    main.o(i.IO_Run) refers to stm32f0xx_gpio.o(i.GPIO_SetBits) for GPIO_SetBits
    main.o(i.IO_Run) refers to stm32f0xx_gpio.o(i.GPIO_ResetBits) for GPIO_ResetBits
    main.o(i.IO_Run) refers to stm32f0xx_gpio.o(i.GPIO_ReadInputDataBit) for GPIO_ReadInputDataBit
    main.o(i.IO_Run) refers to main.o(.bss) for Config
    main.o(i.IO_Run) refers to main.o(.data) for GPIO_PinIndex
    main.o(i.SaveData) refers to uread4.o(.text) for __aeabi_uread4
    main.o(i.SaveData) refers to main.o(i.Flash_Write) for Flash_Write
    main.o(i.SaveData) refers to main.o(i.NVIC_SystemReset) for NVIC_SystemReset
    main.o(i.SaveData) refers to rt_memcpy.o(.emb_text) for __aeabi_memcpy4
    main.o(i.SaveData) refers to uwrite4.o(.text) for __aeabi_uwrite4
    main.o(i.SaveData) refers to main.o(i.SysInit) for SysInit
    main.o(i.SaveData) refers to main.o(.bss) for Config
    main.o(i.SaveData) refers to communication.o(.bss) for I2C_Communication
    main.o(i.SysInit) refers to communication.o(i.I2CInit) for I2CInit
    main.o(i.SysInit) refers to init.o(i.GPIOInit) for GPIOInit
    main.o(i.SysInit) refers to tb6612fng.o(i.TB_Init) for TB_Init
    main.o(i.SysInit) refers to motor_servo.o(i.SVM_Init) for SVM_Init
    main.o(i.SysInit) refers to motor_stepper.o(i.SPM_Init) for SPM_Init
    main.o(i.SysInit) refers to main.o(.bss) for Config
    main.o(i.SysInit) refers to main.o(.data) for GPIO_PpOdIndex
    main.o(i.main) refers to init.o(i.SystemClockInit) for SystemClockInit
    main.o(i.main) refers to rt_memcpy.o(.text) for __aeabi_memcpy
    main.o(i.main) refers to uread4.o(.text) for __aeabi_uread4
    main.o(i.main) refers to uwrite4.o(.text) for __aeabi_uwrite4
    main.o(i.main) refers to main.o(i.SysInit) for SysInit
    main.o(i.main) refers to main.o(i.SaveData) for SaveData
    main.o(i.main) refers to motor_servo.o(i.SVM_Run) for SVM_Run
    main.o(i.main) refers to motor_dc.o(i.DCM_Run) for DCM_Run
    main.o(i.main) refers to motor_stepper.o(i.SPM_Run) for SPM_Run
    main.o(i.main) refers to main.o(i.IO_Run) for IO_Run
    main.o(i.main) refers to main.o(.bss) for Config
    main.o(i.main) refers to main.o(.data) for DeConfigValue
    init.o(i.GPIOInit) refers to stm32f0xx_rcc.o(i.RCC_AHBPeriphClockCmd) for RCC_AHBPeriphClockCmd
    init.o(i.GPIOInit) refers to stm32f0xx_gpio.o(i.GPIO_Init) for GPIO_Init
    init.o(i.SystemClockInit) refers to stm32f0xx_rcc.o(i.RCC_DeInit) for RCC_DeInit
    init.o(i.SystemClockInit) refers to stm32f0xx_rcc.o(i.RCC_HSEConfig) for RCC_HSEConfig
    init.o(i.SystemClockInit) refers to stm32f0xx_rcc.o(i.RCC_WaitForHSEStartUp) for RCC_WaitForHSEStartUp
    init.o(i.SystemClockInit) refers to stm32f0xx_flash.o(i.FLASH_PrefetchBufferCmd) for FLASH_PrefetchBufferCmd
    init.o(i.SystemClockInit) refers to stm32f0xx_flash.o(i.FLASH_SetLatency) for FLASH_SetLatency
    init.o(i.SystemClockInit) refers to stm32f0xx_rcc.o(i.RCC_HCLKConfig) for RCC_HCLKConfig
    init.o(i.SystemClockInit) refers to stm32f0xx_rcc.o(i.RCC_PCLKConfig) for RCC_PCLKConfig
    init.o(i.SystemClockInit) refers to stm32f0xx_rcc.o(i.RCC_PLLConfig) for RCC_PLLConfig
    init.o(i.SystemClockInit) refers to stm32f0xx_rcc.o(i.RCC_PLLCmd) for RCC_PLLCmd
    init.o(i.SystemClockInit) refers to stm32f0xx_rcc.o(i.RCC_GetFlagStatus) for RCC_GetFlagStatus
    init.o(i.SystemClockInit) refers to stm32f0xx_rcc.o(i.RCC_SYSCLKConfig) for RCC_SYSCLKConfig
    init.o(i.SystemClockInit) refers to stm32f0xx_rcc.o(i.RCC_GetSYSCLKSource) for RCC_GetSYSCLKSource
    init.o(i.SystemClockInit) refers to system_stm32f0xx.o(.data) for SystemCoreClock
    led.o(i.LED_Cmd) refers to stm32f0xx_gpio.o(i.GPIO_SetBits) for GPIO_SetBits
    led.o(i.LED_Cmd) refers to stm32f0xx_gpio.o(i.GPIO_ResetBits) for GPIO_ResetBits
    led.o(i.LED_Flash) refers to led.o(i.LED_Toggle) for LED_Toggle
    led.o(i.LED_Flash) refers to main.o(.data) for localtime
    led.o(i.LED_Flash) refers to led.o(.data) for Counter
    led.o(i.LED_Init) refers to init.o(i.GPIOInit) for GPIOInit
    led.o(i.LED_Init) refers to stm32f0xx_gpio.o(i.GPIO_SetBits) for GPIO_SetBits
    led.o(i.LED_Toggle) refers to stm32f0xx_gpio.o(i.GPIO_ReadOutputDataBit) for GPIO_ReadOutputDataBit
    led.o(i.LED_Toggle) refers to led.o(i.LED_Cmd) for LED_Cmd
    communication.o(i.I2C1_IRQHandler) refers to stm32f0xx_i2c.o(i.I2C_GetFlagStatus) for I2C_GetFlagStatus
[...]
    Removing stm32f0xx_usart.o(i.USART_SetGuardTime), (16 bytes).
    Removing stm32f0xx_usart.o(i.USART_SetPrescaler), (18 bytes).
    Removing stm32f0xx_usart.o(i.USART_SetReceiverTimeOut), (16 bytes).
    Removing stm32f0xx_usart.o(i.USART_SmartCardCmd), (24 bytes).
    Removing stm32f0xx_usart.o(i.USART_SmartCardNACKCmd), (24 bytes).
    Removing stm32f0xx_usart.o(i.USART_StopModeWakeUpSourceConfig), (18 bytes).
    Removing stm32f0xx_usart.o(i.USART_StructInit), (24 bytes).
    Removing system_stm32f0xx.o(.rev16_text), (4 bytes).
    Removing system_stm32f0xx.o(.revsh_text), (4 bytes).
    Removing system_stm32f0xx.o(i.SystemCoreClockUpdate), (176 bytes).
    Removing tb6612fng.o(.rev16_text), (4 bytes).
    Removing tb6612fng.o(.revsh_text), (4 bytes).
    Removing tb6612fng.o(i.TB_SetPWMFreq), (40 bytes).
    Removing motor_dc.o(.rev16_text), (4 bytes).
    Removing motor_dc.o(.revsh_text), (4 bytes).
    Removing motor_stepper.o(.rev16_text), (4 bytes).
    Removing motor_stepper.o(.revsh_text), (4 bytes).
    Removing motor_servo.o(.rev16_text), (4 bytes).
    Removing motor_servo.o(.revsh_text), (4 bytes).

284 unused section(s) (total 9194 bytes) removed from the image.

==============================================================================

Image Symbol Table

    Local Symbols

    Symbol Name                              Value     Ov Type        Size  Object(Section)

    ../clib/../cmprslib/zerorunl2.c          0x00000000   Number         0  __dczerorl2.o ABSOLUTE
    ../clib/angel/boardlib.s                 0x00000000   Number         0  boardshut.o ABSOLUTE
    ../clib/angel/boardlib.s                 0x00000000   Number         0  boardinit1.o ABSOLUTE
    ../clib/angel/boardlib.s                 0x00000000   Number         0  boardinit2.o ABSOLUTE
    ../clib/angel/boardlib.s                 0x00000000   Number         0  boardinit3.o ABSOLUTE
    ../clib/angel/handlers.s                 0x00000000   Number         0  __scatter_zi.o ABSOLUTE
    ../clib/angel/kernel.s                   0x00000000   Number         0  __rtentry2.o ABSOLUTE
    ../clib/angel/kernel.s                   0x00000000   Number         0  __rtentry4.o ABSOLUTE
    ../clib/angel/kernel.s                   0x00000000   Number         0  __rtentry.o ABSOLUTE
    ../clib/angel/kernel.s                   0x00000000   Number         0  rtexit2.o ABSOLUTE
    ../clib/angel/kernel.s                   0x00000000   Number         0  rtexit.o ABSOLUTE
    ../clib/angel/rt.s                       0x00000000   Number         0  aeabi_idiv0_sigfpe.o ABSOLUTE
    ../clib/angel/rt.s                       0x00000000   Number         0  rt_raise.o ABSOLUTE
    ../clib/angel/rt.s                       0x00000000   Number         0  aeabi_idiv0.o ABSOLUTE
    ../clib/angel/rt.s                       0x00000000   Number         0  rt_div0.o ABSOLUTE
    ../clib/angel/scatterp.s                 0x00000000   Number         0  __scatter.o ABSOLUTE
    ../clib/angel/startup.s                  0x00000000   Number         0  __main.o ABSOLUTE
    ../clib/angel/sys.s                      0x00000000   Number         0  use_no_semi.o ABSOLUTE
    ../clib/angel/sys.s                      0x00000000   Number         0  indicate_semi.o ABSOLUTE
    ../clib/angel/sys.s                      0x00000000   Number         0  sys_stackheap_outer.o ABSOLUTE
    ../clib/angel/sys.s                      0x00000000   Number         0  libspace.o ABSOLUTE
    ../clib/angel/sys.s                      0x00000000   Number         0  tempstk.o ABSOLUTE
    ../clib/angel/sysapp.c                   0x00000000   Number         0  sys_exit.o ABSOLUTE
    ../clib/angel/sysapp.c                   0x00000000   Number         0  sys_wrch.o ABSOLUTE
    ../clib/angel/sysapp.c                   0x00000000   Number         0  sys_command.o ABSOLUTE
    ../clib/armsys.c                         0x00000000   Number         0  no_argv.o ABSOLUTE
    ../clib/armsys.c                         0x00000000   Number         0  _get_argv_nomalloc.o ABSOLUTE
    ../clib/armsys.c                         0x00000000   Number         0  argv_veneer.o ABSOLUTE
    ../clib/division.s                       0x00000000   Number         0  aeabi_sdiv.o ABSOLUTE
    ../clib/division.s                       0x00000000   Number         0  aeabi_sdiv_div0.o ABSOLUTE
    ../clib/heapalloc.c                      0x00000000   Number         0  hrguard.o ABSOLUTE
    ../clib/heapaux.c                        0x00000000   Number         0  heapauxi.o ABSOLUTE
    ../clib/libinit.s                        0x00000000   Number         0  libshutdown.o ABSOLUTE
    ../clib/libinit.s                        0x00000000   Number         0  libinit.o ABSOLUTE
    ../clib/libinit.s                        0x00000000   Number         0  libshutdown2.o ABSOLUTE
    ../clib/libinit.s                        0x00000000   Number         0  libinit2.o ABSOLUTE
    ../clib/memcpset.c                       0x00000000   Number         0  rt_memclr.o ABSOLUTE
    ../clib/memcpset.c                       0x00000000   Number         0  rt_memcpy.o ABSOLUTE
    ../clib/memcpset.c                       0x00000000   Number         0  rt_memcpy.o ABSOLUTE
    ../clib/signal.c                         0x00000000   Number         0  defsig_exit.o ABSOLUTE
    ../clib/signal.c                         0x00000000   Number         0  __raise.o ABSOLUTE
    ../clib/signal.c                         0x00000000   Number         0  defsig_fpe_outer.o ABSOLUTE
    ../clib/signal.c                         0x00000000   Number         0  defsig_pvfn_inner.o ABSOLUTE
    ../clib/signal.c                         0x00000000   Number         0  defsig_general.o ABSOLUTE
    ../clib/signal.c                         0x00000000   Number         0  defsig_other.o ABSOLUTE
    ../clib/signal.c                         0x00000000   Number         0  defsig_segv_inner.o ABSOLUTE
    ../clib/signal.c                         0x00000000   Number         0  defsig_cppl_inner.o ABSOLUTE
    ../clib/signal.c                         0x00000000   Number         0  defsig_fpe_formal.o ABSOLUTE
    ../clib/signal.c                         0x00000000   Number         0  defsig_rtmem_formal.o ABSOLUTE
    ../clib/signal.c                         0x00000000   Number         0  defsig_rtmem_outer.o ABSOLUTE
    ../clib/signal.c                         0x00000000   Number         0  defsig_rtmem_inner.o ABSOLUTE
    ../clib/signal.c                         0x00000000   Number         0  defsig_rtred_inner.o ABSOLUTE
    ../clib/signal.c                         0x00000000   Number         0  defsig_abrt_inner.o ABSOLUTE
    ../clib/signal.c                         0x00000000   Number         0  defsig_fpe_inner.o ABSOLUTE
    ../clib/signal.c                         0x00000000   Number         0  defsig_stak_inner.o ABSOLUTE
    ../clib/signal.s                         0x00000000   Number         0  defsig.o ABSOLUTE
    ../clib/stdlib.c                         0x00000000   Number         0  exit.o ABSOLUTE
    ../clib/unhosted.c                       0x00000000   Number         0  uread4.o ABSOLUTE
    ../clib/unhosted.c                       0x00000000   Number         0  uwrite4.o ABSOLUTE
    ../fplib/cfplib/ffix.c                   0x00000000   Number         0  ffixui.o ABSOLUTE
    ../fplib/cfplib/fpinit.c                 0x00000000   Number         0  fpinit.o ABSOLUTE
    ../fplib/faddsub6m.s                     0x00000000   Number         0  faddsub.o ABSOLUTE
    ../fplib/usenofp.s                       0x00000000   Number         0  usenofp.o ABSOLUTE
    Motor\\motor_dc.c                        0x00000000   Number         0  motor_dc.o ABSOLUTE
    Motor\\motor_servo.c                     0x00000000   Number         0  motor_servo.o ABSOLUTE
    Motor\\motor_stepper.c                   0x00000000   Number         0  motor_stepper.o ABSOLUTE
    Motor\motor_dc.c                         0x00000000   Number         0  motor_dc.o ABSOLUTE
    Motor\motor_servo.c                      0x00000000   Number         0  motor_servo.o ABSOLUTE
    Motor\motor_stepper.c                    0x00000000   Number         0  motor_stepper.o ABSOLUTE
    STM32F0xx_StdPeriph_Lib_V1.5.0\Libraries\CMSIS\Device\ST\STM32F0xx\Source\Templates\arm\startup_stm32f030.s 0x00000000   Number         0  startup_stm32f030.o ABSOLUTE
    STM32F0xx_StdPeriph_Lib_V1.5.0\Libraries\CMSIS\Device\ST\STM32F0xx\Source\Templates\system_stm32f0xx.c 0x00000000   Number         0  system_stm32f0xx.o ABSOLUTE
    STM32F0xx_StdPeriph_Lib_V1.5.0\Libraries\STM32F0xx_StdPeriph_Driver\src\stm32f0xx_flash.c 0x00000000   Number         0  stm32f0xx_flash.o ABSOLUTE
    STM32F0xx_StdPeriph_Lib_V1.5.0\Libraries\STM32F0xx_StdPeriph_Driver\src\stm32f0xx_gpio.c 0x00000000   Number         0  stm32f0xx_gpio.o ABSOLUTE
    STM32F0xx_StdPeriph_Lib_V1.5.0\Libraries\STM32F0xx_StdPeriph_Driver\src\stm32f0xx_i2c.c 0x00000000   Number         0  stm32f0xx_i2c.o ABSOLUTE
    STM32F0xx_StdPeriph_Lib_V1.5.0\Libraries\STM32F0xx_StdPeriph_Driver\src\stm32f0xx_misc.c 0x00000000   Number         0  stm32f0xx_misc.o ABSOLUTE
    STM32F0xx_StdPeriph_Lib_V1.5.0\Libraries\STM32F0xx_StdPeriph_Driver\src\stm32f0xx_pwr.c 0x00000000   Number         0  stm32f0xx_pwr.o ABSOLUTE
    STM32F0xx_StdPeriph_Lib_V1.5.0\Libraries\STM32F0xx_StdPeriph_Driver\src\stm32f0xx_rcc.c 0x00000000   Number         0  stm32f0xx_rcc.o ABSOLUTE
    STM32F0xx_StdPeriph_Lib_V1.5.0\Libraries\STM32F0xx_StdPeriph_Driver\src\stm32f0xx_syscfg.c 0x00000000   Number         0  stm32f0xx_syscfg.o ABSOLUTE
    STM32F0xx_StdPeriph_Lib_V1.5.0\Libraries\STM32F0xx_StdPeriph_Driver\src\stm32f0xx_tim.c 0x00000000   Number         0  stm32f0xx_tim.o ABSOLUTE
    STM32F0xx_StdPeriph_Lib_V1.5.0\Libraries\STM32F0xx_StdPeriph_Driver\src\stm32f0xx_usart.c 0x00000000   Number         0  stm32f0xx_usart.o ABSOLUTE
    STM32F0xx_StdPeriph_Lib_V1.5.0\\Libraries\\CMSIS\\Device\\ST\\STM32F0xx\\Source\\Templates\\system_stm32f0xx.c 0x00000000   Number         0  system_stm32f0xx.o ABSOLUTE
    STM32F0xx_StdPeriph_Lib_V1.5.0\\Libraries\\STM32F0xx_StdPeriph_Driver\\src\\stm32f0xx_flash.c 0x00000000   Number         0  stm32f0xx_flash.o ABSOLUTE
    STM32F0xx_StdPeriph_Lib_V1.5.0\\Libraries\\STM32F0xx_StdPeriph_Driver\\src\\stm32f0xx_gpio.c 0x00000000   Number         0  stm32f0xx_gpio.o ABSOLUTE
    STM32F0xx_StdPeriph_Lib_V1.5.0\\Libraries\\STM32F0xx_StdPeriph_Driver\\src\\stm32f0xx_i2c.c 0x00000000   Number         0  stm32f0xx_i2c.o ABSOLUTE
    STM32F0xx_StdPeriph_Lib_V1.5.0\\Libraries\\STM32F0xx_StdPeriph_Driver\\src\\stm32f0xx_misc.c 0x00000000   Number         0  stm32f0xx_misc.o ABSOLUTE
    STM32F0xx_StdPeriph_Lib_V1.5.0\\Libraries\\STM32F0xx_StdPeriph_Driver\\src\\stm32f0xx_pwr.c 0x00000000   Number         0  stm32f0xx_pwr.o ABSOLUTE
    STM32F0xx_StdPeriph_Lib_V1.5.0\\Libraries\\STM32F0xx_StdPeriph_Driver\\src\\stm32f0xx_rcc.c 0x00000000   Number         0  stm32f0xx_rcc.o ABSOLUTE
    STM32F0xx_StdPeriph_Lib_V1.5.0\\Libraries\\STM32F0xx_StdPeriph_Driver\\src\\stm32f0xx_syscfg.c 0x00000000   Number         0  stm32f0xx_syscfg.o ABSOLUTE
    STM32F0xx_StdPeriph_Lib_V1.5.0\\Libraries\\STM32F0xx_StdPeriph_Driver\\src\\stm32f0xx_tim.c 0x00000000   Number         0  stm32f0xx_tim.o ABSOLUTE
    STM32F0xx_StdPeriph_Lib_V1.5.0\\Libraries\\STM32F0xx_StdPeriph_Driver\\src\\stm32f0xx_usart.c 0x00000000   Number         0  stm32f0xx_usart.o ABSOLUTE
    User\TB6612FNG.c                         0x00000000   Number         0  tb6612fng.o ABSOLUTE
    User\\TB6612FNG.c                        0x00000000   Number         0  tb6612fng.o ABSOLUTE
    User\\communication.c                    0x00000000   Number         0  communication.o ABSOLUTE
    User\\init.c                             0x00000000   Number         0  init.o ABSOLUTE
    User\\led.c                              0x00000000   Number         0  led.o ABSOLUTE
    User\\main.c                             0x00000000   Number         0  main.o ABSOLUTE
    User\\stm32f0xx_it.c                     0x00000000   Number         0  stm32f0xx_it.o ABSOLUTE
    User\communication.c                     0x00000000   Number         0  communication.o ABSOLUTE
    User\init.c                              0x00000000   Number         0  init.o ABSOLUTE
    User\led.c                               0x00000000   Number         0  led.o ABSOLUTE
    User\main.c                              0x00000000   Number         0  main.o ABSOLUTE
    User\stm32f0xx_it.c                      0x00000000   Number         0  stm32f0xx_it.o ABSOLUTE
    dc.s                                     0x00000000   Number         0  dc.o ABSOLUTE
    RESET                                    0x08000000   Section      180  startup_stm32f030.o(RESET)
    !!!main                                  0x080000b4   Section        8  __main.o(!!!main)
    !!!scatter                               0x080000bc   Section       60  __scatter.o(!!!scatter)
    !!handler_zi                             0x080000f8   Section       28  __scatter_zi.o(!!handler_zi)
    .ARM.Collect$$libinit$$00000000          0x08000114   Section        2  libinit.o(.ARM.Collect$$libinit$$00000000)
    .ARM.Collect$$libinit$$00000002          0x08000116   Section        0  libinit2.o(.ARM.Collect$$libinit$$00000002)
    .ARM.Collect$$libinit$$00000004          0x08000116   Section        0  libinit2.o(.ARM.Collect$$libinit$$00000004)
    .ARM.Collect$$libinit$$0000000A          0x08000116   Section        0  libinit2.o(.ARM.Collect$$libinit$$0000000A)
    .ARM.Collect$$libinit$$0000000C          0x08000116   Section        0  libinit2.o(.ARM.Collect$$libinit$$0000000C)
    .ARM.Collect$$libinit$$0000000E          0x08000116   Section        0  libinit2.o(.ARM.Collect$$libinit$$0000000E)
    .ARM.Collect$$libinit$$00000011          0x08000116   Section        0  libinit2.o(.ARM.Collect$$libinit$$00000011)
    .ARM.Collect$$libinit$$00000013          0x08000116   Section        0  libinit2.o(.ARM.Collect$$libinit$$00000013)
    .ARM.Collect$$libinit$$00000015          0x08000116   Section        0  libinit2.o(.ARM.Collect$$libinit$$00000015)
    .ARM.Collect$$libinit$$00000017          0x08000116   Section        0  libinit2.o(.ARM.Collect$$libinit$$00000017)
    .ARM.Collect$$libinit$$00000019          0x08000116   Section        0  libinit2.o(.ARM.Collect$$libinit$$00000019)
    .ARM.Collect$$libinit$$0000001B          0x08000116   Section        0  libinit2.o(.ARM.Collect$$libinit$$0000001B)
    .ARM.Collect$$libinit$$0000001D          0x08000116   Section        0  libinit2.o(.ARM.Collect$$libinit$$0000001D)
    .ARM.Collect$$libinit$$0000001F          0x08000116   Section        0  libinit2.o(.ARM.Collect$$libinit$$0000001F)
    .ARM.Collect$$libinit$$00000021          0x08000116   Section        0  libinit2.o(.ARM.Collect$$libinit$$00000021)
    .ARM.Collect$$libinit$$00000023          0x08000116   Section        0  libinit2.o(.ARM.Collect$$libinit$$00000023)
    .ARM.Collect$$libinit$$00000025          0x08000116   Section        0  libinit2.o(.ARM.Collect$$libinit$$00000025)
    .ARM.Collect$$libinit$$0000002C          0x08000116   Section        0  libinit2.o(.ARM.Collect$$libinit$$0000002C)
    .ARM.Collect$$libinit$$0000002E          0x08000116   Section        0  libinit2.o(.ARM.Collect$$libinit$$0000002E)
    .ARM.Collect$$libinit$$00000030          0x08000116   Section        0  libinit2.o(.ARM.Collect$$libinit$$00000030)
    .ARM.Collect$$libinit$$00000032          0x08000116   Section        0  libinit2.o(.ARM.Collect$$libinit$$00000032)
    .ARM.Collect$$libinit$$00000033          0x08000116   Section        2  libinit2.o(.ARM.Collect$$libinit$$00000033)
    .ARM.Collect$$libshutdown$$00000000      0x08000118   Section        2  libshutdown.o(.ARM.Collect$$libshutdown$$00000000)
    .ARM.Collect$$libshutdown$$00000002      0x0800011a   Section        0  libshutdown2.o(.ARM.Collect$$libshutdown$$00000002)
    .ARM.Collect$$libshutdown$$00000004      0x0800011a   Section        0  libshutdown2.o(.ARM.Collect$$libshutdown$$00000004)
    .ARM.Collect$$libshutdown$$00000007      0x0800011a   Section        0  libshutdown2.o(.ARM.Collect$$libshutdown$$00000007)
    .ARM.Collect$$libshutdown$$0000000A      0x0800011a   Section        0  libshutdown2.o(.ARM.Collect$$libshutdown$$0000000A)
    .ARM.Collect$$libshutdown$$0000000C      0x0800011a   Section        0  libshutdown2.o(.ARM.Collect$$libshutdown$$0000000C)
    .ARM.Collect$$libshutdown$$0000000F      0x0800011a   Section        0  libshutdown2.o(.ARM.Collect$$libshutdown$$0000000F)
    .ARM.Collect$$libshutdown$$00000010      0x0800011a   Section        2  libshutdown2.o(.ARM.Collect$$libshutdown$$00000010)
    .ARM.Collect$$rtentry$$00000000          0x0800011c   Section        0  __rtentry.o(.ARM.Collect$$rtentry$$00000000)
    .ARM.Collect$$rtentry$$00000002          0x0800011c   Section        0  __rtentry2.o(.ARM.Collect$$rtentry$$00000002)
    .ARM.Collect$$rtentry$$00000004          0x0800011c   Section        6  __rtentry4.o(.ARM.Collect$$rtentry$$00000004)
    .ARM.Collect$$rtentry$$00000009          0x08000122   Section        0  __rtentry2.o(.ARM.Collect$$rtentry$$00000009)
    .ARM.Collect$$rtentry$$0000000A          0x08000122   Section        4  __rtentry2.o(.ARM.Collect$$rtentry$$0000000A)
    .ARM.Collect$$rtentry$$0000000C          0x08000126   Section        0  __rtentry2.o(.ARM.Collect$$rtentry$$0000000C)
    .ARM.Collect$$rtentry$$0000000D          0x08000126   Section        8  __rtentry2.o(.ARM.Collect$$rtentry$$0000000D)
    .ARM.Collect$$rtexit$$00000000           0x0800012e   Section        2  rtexit.o(.ARM.Collect$$rtexit$$00000000)
    .ARM.Collect$$rtexit$$00000002           0x08000130   Section        0  rtexit2.o(.ARM.Collect$$rtexit$$00000002)
    .ARM.Collect$$rtexit$$00000003           0x08000130   Section        4  rtexit2.o(.ARM.Collect$$rtexit$$00000003)
    .ARM.Collect$$rtexit$$00000004           0x08000134   Section        6  rtexit2.o(.ARM.Collect$$rtexit$$00000004)
    .emb_text                                0x0800013c   Section       56  rt_memcpy.o(.emb_text)
    .text                                    0x08000174   Section      116  startup_stm32f030.o(.text)
    .text                                    0x080001e8   Section        0  rt_memcpy.o(.text)
    .text                                    0x0800026a   Section        0  rt_memclr.o(.text)
    .text                                    0x080002aa   Section        0  uread4.o(.text)
    .text                                    0x080002cc   Section        0  uwrite4.o(.text)
    .text                                    0x080002dc   Section      346  aeabi_sdiv.o(.text)
    .text                                    0x08000436   Section        0  heapauxi.o(.text)
    .text                                    0x0800043c   Section        0  ffixui.o(.text)
    .text                                    0x0800046c   Section       62  sys_stackheap_outer.o(.text)
    .text                                    0x080004aa   Section        0  exit.o(.text)
    .text                                    0x080004bc   Section        8  libspace.o(.text)
    .text                                    0x080004c4   Section        0  sys_exit.o(.text)
    .text                                    0x080004d0   Section        2  use_no_semi.o(.text)
    .text                                    0x080004d2   Section        0  indicate_semi.o(.text)
    .text                                    0x080004d2   Section        0  __dczerorl2.o(.text)
    i.DCM_Run                                0x08000528   Section        0  motor_dc.o(i.DCM_Run)
    i.DCM_SetMode                            0x0800062c   Section        0  motor_dc.o(i.DCM_SetMode)
    i.DCM_SetSpeed                           0x0800063c   Section        0  motor_dc.o(i.DCM_SetSpeed)
    i.FLASH_ClearFlag                        0x08000654   Section        0  stm32f0xx_flash.o(i.FLASH_ClearFlag)
    i.FLASH_ErasePage                        0x08000660   Section        0  stm32f0xx_flash.o(i.FLASH_ErasePage)
    i.FLASH_GetStatus                        0x080006ac   Section        0  stm32f0xx_flash.o(i.FLASH_GetStatus)
    i.FLASH_PrefetchBufferCmd                0x080006e8   Section        0  stm32f0xx_flash.o(i.FLASH_PrefetchBufferCmd)
    i.FLASH_ProgramWord                      0x0800070c   Section        0  stm32f0xx_flash.o(i.FLASH_ProgramWord)
    i.FLASH_SetLatency                       0x08000778   Section        0  stm32f0xx_flash.o(i.FLASH_SetLatency)
    i.FLASH_Unlock                           0x08000794   Section        0  stm32f0xx_flash.o(i.FLASH_Unlock)
    i.FLASH_WaitForLastOperation             0x080007b8   Section        0  stm32f0xx_flash.o(i.FLASH_WaitForLastOperation)
    i.Flash_Write                            0x080007e0   Section        0  main.o(i.Flash_Write)
    i.GPIOInit                               0x08000890   Section        0  init.o(i.GPIOInit)
    i.GPIO_Init                              0x08000928   Section        0  stm32f0xx_gpio.o(i.GPIO_Init)
    i.GPIO_PinAFConfig                       0x080009b8   Section        0  stm32f0xx_gpio.o(i.GPIO_PinAFConfig)
    i.GPIO_ReadInputDataBit                  0x080009fc   Section        0  stm32f0xx_gpio.o(i.GPIO_ReadInputDataBit)
    i.GPIO_ResetBits                         0x08000a10   Section        0  stm32f0xx_gpio.o(i.GPIO_ResetBits)
    i.GPIO_SetBits                           0x08000a14   Section        0  stm32f0xx_gpio.o(i.GPIO_SetBits)
    i.HardFault_Handler                      0x08000a18   Section        0  stm32f0xx_it.o(i.HardFault_Handler)
    i.I2C1_IRQHandler                        0x08000a1c   Section        0  communication.o(i.I2C1_IRQHandler)
    i.I2CInit                                0x08000bfc   Section        0  communication.o(i.I2CInit)
    i.I2C_AcknowledgeConfig                  0x08000cc8   Section        0  stm32f0xx_i2c.o(i.I2C_AcknowledgeConfig)
    i.I2C_ClearFlag                          0x08000ce4   Section        0  stm32f0xx_i2c.o(i.I2C_ClearFlag)
    i.I2C_ClearITPendingBit                  0x08000ce8   Section        0  stm32f0xx_i2c.o(i.I2C_ClearITPendingBit)
    i.I2C_Cmd                                0x08000cec   Section        0  stm32f0xx_i2c.o(i.I2C_Cmd)
    i.I2C_DeInit                             0x08000d04   Section        0  stm32f0xx_i2c.o(i.I2C_DeInit)
    i.I2C_GenerateSTOP                       0x08000d3c   Section        0  stm32f0xx_i2c.o(i.I2C_GenerateSTOP)
    i.I2C_GetFlagStatus                      0x08000d58   Section        0  stm32f0xx_i2c.o(i.I2C_GetFlagStatus)
    i.I2C_ITConfig                           0x08000d74   Section        0  stm32f0xx_i2c.o(i.I2C_ITConfig)
    i.I2C_Init                               0x08000d88   Section        0  stm32f0xx_i2c.o(i.I2C_Init)
    i.I2C_ReceiveData                        0x08000df4   Section        0  stm32f0xx_i2c.o(i.I2C_ReceiveData)
    i.I2C_SendData                           0x08000dfc   Section        0  stm32f0xx_i2c.o(i.I2C_SendData)
    i.IO_Run                                 0x08000e00   Section        0  main.o(i.IO_Run)
    i.IsNeedReset                            0x08000e98   Section        0  communication.o(i.IsNeedReset)
    i.NMI_Handler                            0x08000eb8   Section        0  stm32f0xx_it.o(i.NMI_Handler)
    i.NVIC_EnableIRQ                         0x08000ebc   Section        0  motor_stepper.o(i.NVIC_EnableIRQ)
    NVIC_EnableIRQ                           0x08000ebd   Thumb Code    14  motor_stepper.o(i.NVIC_EnableIRQ)
    i.NVIC_SetPriority                       0x08000ed0   Section        0  motor_servo.o(i.NVIC_SetPriority)
    NVIC_SetPriority                         0x08000ed1   Thumb Code   110  motor_servo.o(i.NVIC_SetPriority)
    i.NVIC_SystemReset                       0x08000f48   Section        0  main.o(i.NVIC_SystemReset)
    NVIC_SystemReset                         0x08000f49   Thumb Code    18  main.o(i.NVIC_SystemReset)
    i.PendSV_Handler                         0x08000f64   Section        0  stm32f0xx_it.o(i.PendSV_Handler)
    i.RCC_AHBPeriphClockCmd                  0x08000f68   Section        0  stm32f0xx_rcc.o(i.RCC_AHBPeriphClockCmd)
    i.RCC_APB1PeriphClockCmd                 0x08000f88   Section        0  stm32f0xx_rcc.o(i.RCC_APB1PeriphClockCmd)
    i.RCC_APB1PeriphResetCmd                 0x08000fa8   Section        0  stm32f0xx_rcc.o(i.RCC_APB1PeriphResetCmd)
    i.RCC_APB2PeriphClockCmd                 0x08000fc8   Section        0  stm32f0xx_rcc.o(i.RCC_APB2PeriphClockCmd)
    i.RCC_APB2PeriphResetCmd                 0x08000fe8   Section        0  stm32f0xx_rcc.o(i.RCC_APB2PeriphResetCmd)
    i.RCC_DeInit                             0x08001008   Section        0  stm32f0xx_rcc.o(i.RCC_DeInit)
    i.RCC_GetFlagStatus                      0x08001080   Section        0  stm32f0xx_rcc.o(i.RCC_GetFlagStatus)
    i.RCC_GetSYSCLKSource                    0x080010c8   Section        0  stm32f0xx_rcc.o(i.RCC_GetSYSCLKSource)
    i.RCC_HCLKConfig                         0x080010d8   Section        0  stm32f0xx_rcc.o(i.RCC_HCLKConfig)
    i.RCC_HSEConfig                          0x080010f8   Section        0  stm32f0xx_rcc.o(i.RCC_HSEConfig)
    i.RCC_I2CCLKConfig                       0x08001108   Section        0  stm32f0xx_rcc.o(i.RCC_I2CCLKConfig)
    i.RCC_PCLKConfig                         0x08001124   Section        0  stm32f0xx_rcc.o(i.RCC_PCLKConfig)
    i.RCC_PLLCmd                             0x08001148   Section        0  stm32f0xx_rcc.o(i.RCC_PLLCmd)
    i.RCC_PLLConfig                          0x08001170   Section        0  stm32f0xx_rcc.o(i.RCC_PLLConfig)
    i.RCC_SYSCLKConfig                       0x08001194   Section        0  stm32f0xx_rcc.o(i.RCC_SYSCLKConfig)
    i.RCC_WaitForHSEStartUp                  0x080011b0   Section        0  stm32f0xx_rcc.o(i.RCC_WaitForHSEStartUp)
    i.SPM1_Beat1                             0x080011ec   Section        0  motor_stepper.o(i.SPM1_Beat1)
    i.SPM1_Beat2                             0x08001200   Section        0  motor_stepper.o(i.SPM1_Beat2)
    i.SPM1_Beat3                             0x08001214   Section        0  motor_stepper.o(i.SPM1_Beat3)
    i.SPM1_Beat4                             0x08001228   Section        0  motor_stepper.o(i.SPM1_Beat4)
    i.SPM1_Beat5                             0x0800123c   Section        0  motor_stepper.o(i.SPM1_Beat5)
    i.SPM1_Beat6                             0x08001250   Section        0  motor_stepper.o(i.SPM1_Beat6)
    i.SPM1_Beat7                             0x08001264   Section        0  motor_stepper.o(i.SPM1_Beat7)
    i.SPM1_Beat8                             0x08001278   Section        0  motor_stepper.o(i.SPM1_Beat8)
    i.SPM1_Run                               0x0800128c   Section        0  motor_stepper.o(i.SPM1_Run)
    i.SPM1_SetDuty                           0x080012a0   Section        0  motor_stepper.o(i.SPM1_SetDuty)
    i.SPM1_SetSpeed                          0x080012f8   Section        0  motor_stepper.o(i.SPM1_SetSpeed)
    i.SPM1_TimerInit                         0x08001310   Section        0  motor_stepper.o(i.SPM1_TimerInit)
    i.SPM2_Beat1                             0x08001388   Section        0  motor_stepper.o(i.SPM2_Beat1)
    i.SPM2_Beat2                             0x0800139c   Section        0  motor_stepper.o(i.SPM2_Beat2)
    i.SPM2_Beat3                             0x080013b0   Section        0  motor_stepper.o(i.SPM2_Beat3)
    i.SPM2_Beat4                             0x080013c4   Section        0  motor_stepper.o(i.SPM2_Beat4)
    i.SPM2_Beat5                             0x080013d8   Section        0  motor_stepper.o(i.SPM2_Beat5)
    i.SPM2_Beat6                             0x080013ec   Section        0  motor_stepper.o(i.SPM2_Beat6)
    i.SPM2_Beat7                             0x08001400   Section        0  motor_stepper.o(i.SPM2_Beat7)
    i.SPM2_Beat8                             0x08001414   Section        0  motor_stepper.o(i.SPM2_Beat8)
    i.SPM2_Run                               0x08001428   Section        0  motor_stepper.o(i.SPM2_Run)
    i.SPM2_SetDuty                           0x0800143c   Section        0  motor_stepper.o(i.SPM2_SetDuty)
    i.SPM2_SetSpeed                          0x08001498   Section        0  motor_stepper.o(i.SPM2_SetSpeed)
    i.SPM2_TimerInit                         0x080014b0   Section        0  motor_stepper.o(i.SPM2_TimerInit)
    i.SPM_Init                               0x08001528   Section        0  motor_stepper.o(i.SPM_Init)
    i.SPM_Run                                0x08001574   Section        0  motor_stepper.o(i.SPM_Run)
    i.SVC_Handler                            0x080015e8   Section        0  stm32f0xx_it.o(i.SVC_Handler)
    i.SVM_Init                               0x080015ec   Section        0  motor_servo.o(i.SVM_Init)
    i.SVM_PWM_ChannelCMD                     0x08001724   Section        0  motor_servo.o(i.SVM_PWM_ChannelCMD)
    i.SVM_PWM_Init                           0x08001824   Section        0  motor_servo.o(i.SVM_PWM_Init)
    i.SVM_Run                                0x08001a58   Section        0  motor_servo.o(i.SVM_Run)
    i.SVM_SetDuty                            0x08001c40   Section        0  motor_servo.o(i.SVM_SetDuty)
    i.SVM_SetFreq                            0x08001d5c   Section        0  motor_servo.o(i.SVM_SetFreq)
    i.SaveData                               0x08001e64   Section        0  main.o(i.SaveData)
    i.SetSysClock                            0x08001f08   Section        0  system_stm32f0xx.o(i.SetSysClock)
    SetSysClock                              0x08001f09   Thumb Code   206  system_stm32f0xx.o(i.SetSysClock)
    i.SysInit                                0x08001fe0   Section        0  main.o(i.SysInit)
    i.SysTick_Handler                        0x080020d8   Section        0  motor_servo.o(i.SysTick_Handler)
    i.SystemClockInit                        0x08002218   Section        0  init.o(i.SystemClockInit)
    i.SystemInit                             0x08002284   Section        0  system_stm32f0xx.o(i.SystemInit)
    i.SystickInit                            0x08002300   Section        0  motor_servo.o(i.SystickInit)
    i.TB_1A_CCW                              0x08002344   Section        0  tb6612fng.o(i.TB_1A_CCW)
    i.TB_1A_CW                               0x08002360   Section        0  tb6612fng.o(i.TB_1A_CW)
    i.TB_1A_ShortBreak                       0x0800237c   Section        0  tb6612fng.o(i.TB_1A_ShortBreak)
    i.TB_1A_Stop                             0x08002398   Section        0  tb6612fng.o(i.TB_1A_Stop)
    i.TB_1B_CCW                              0x080023b4   Section        0  tb6612fng.o(i.TB_1B_CCW)
    i.TB_1B_CW                               0x080023d0   Section        0  tb6612fng.o(i.TB_1B_CW)
    i.TB_1B_ShortBreak                       0x080023ec   Section        0  tb6612fng.o(i.TB_1B_ShortBreak)
    i.TB_1B_Stop                             0x08002408   Section        0  tb6612fng.o(i.TB_1B_Stop)
    i.TB_2A_CCW                              0x08002424   Section        0  tb6612fng.o(i.TB_2A_CCW)
    i.TB_2A_CW                               0x08002440   Section        0  tb6612fng.o(i.TB_2A_CW)
    i.TB_2A_ShortBreak                       0x0800245c   Section        0  tb6612fng.o(i.TB_2A_ShortBreak)
    i.TB_2A_Stop                             0x08002478   Section        0  tb6612fng.o(i.TB_2A_Stop)
    i.TB_2B_CCW                              0x08002494   Section        0  tb6612fng.o(i.TB_2B_CCW)
    i.TB_2B_CW                               0x080024b0   Section        0  tb6612fng.o(i.TB_2B_CW)
    i.TB_2B_ShortBreak                       0x080024cc   Section        0  tb6612fng.o(i.TB_2B_ShortBreak)
    i.TB_2B_Stop                             0x080024e8   Section        0  tb6612fng.o(i.TB_2B_Stop)
    i.TB_Init                                0x08002504   Section        0  tb6612fng.o(i.TB_Init)
    i.TB_PWM_ChannelCMD                      0x080025c4   Section        0  tb6612fng.o(i.TB_PWM_ChannelCMD)
    i.TB_PWM_Init                            0x0800266c   Section        0  tb6612fng.o(i.TB_PWM_Init)
    i.TB_PWM_SetDuty                         0x080027b0   Section        0  tb6612fng.o(i.TB_PWM_SetDuty)
    i.TB_SetWorkMode                         0x08002864   Section        0  tb6612fng.o(i.TB_SetWorkMode)
    i.TIM14_IRQHandler                       0x0800287c   Section        0  motor_stepper.o(i.TIM14_IRQHandler)
    i.TIM16_IRQHandler                       0x08002970   Section        0  motor_stepper.o(i.TIM16_IRQHandler)
    i.TIM_ARRPreloadConfig                   0x08002a64   Section        0  stm32f0xx_tim.o(i.TIM_ARRPreloadConfig)
    i.TIM_ClearFlag                          0x08002a80   Section        0  stm32f0xx_tim.o(i.TIM_ClearFlag)
    i.TIM_ClearITPendingBit                  0x08002a86   Section        0  stm32f0xx_tim.o(i.TIM_ClearITPendingBit)
    i.TIM_Cmd                                0x08002a8c   Section        0  stm32f0xx_tim.o(i.TIM_Cmd)
    i.TIM_CtrlPWMOutputs                     0x08002aa8   Section        0  stm32f0xx_tim.o(i.TIM_CtrlPWMOutputs)
    i.TIM_DeInit                             0x08002acc   Section        0  stm32f0xx_tim.o(i.TIM_DeInit)
    i.TIM_GetITStatus                        0x08002bd0   Section        0  stm32f0xx_tim.o(i.TIM_GetITStatus)
    i.TIM_ITConfig                           0x08002bf6   Section        0  stm32f0xx_tim.o(i.TIM_ITConfig)
    i.TIM_OC1Init                            0x08002c0c   Section        0  stm32f0xx_tim.o(i.TIM_OC1Init)
    i.TIM_OC2Init                            0x08002ca0   Section        0  stm32f0xx_tim.o(i.TIM_OC2Init)
    i.TIM_OC3Init                            0x08002d4c   Section        0  stm32f0xx_tim.o(i.TIM_OC3Init)
    i.TIM_OC4Init                            0x08002de4   Section        0  stm32f0xx_tim.o(i.TIM_OC4Init)
    i.TIM_OCStructInit                       0x08002e54   Section        0  stm32f0xx_tim.o(i.TIM_OCStructInit)
    i.TIM_TimeBaseInit                       0x08002e68   Section        0  stm32f0xx_tim.o(i.TIM_TimeBaseInit)
    i.TIM_TimeBaseStructInit                 0x08002ee4   Section        0  stm32f0xx_tim.o(i.TIM_TimeBaseStructInit)
    i.__ARM_common_switch8                   0x08002ef6   Section        0  motor_servo.o(i.__ARM_common_switch8)
    i.main                                   0x08002f14   Section        0  main.o(i.main)
    x$fpl$fadd                               0x08002fa8   Section      140  faddsub.o(x$fpl$fadd)
    _fadd1                                   0x08002fb5   Thumb Code     0  faddsub.o(x$fpl$fadd)
    x$fpl$fsub                               0x08003034   Section      208  faddsub.o(x$fpl$fsub)
    _fsub1                                   0x08003041   Thumb Code     0  faddsub.o(x$fpl$fsub)
    x$fpl$usenofp                            0x08003104   Section        0  usenofp.o(x$fpl$usenofp)
    .data                                    0x20000000   Section      174  main.o(.data)
    .data                                    0x200000ae   Section       24  communication.o(.data)
    Counter                                  0x200000c5   Data           1  communication.o(.data)
    .data                                    0x200000c8   Section       20  system_stm32f0xx.o(.data)
    .data                                    0x200000dc   Section       68  tb6612fng.o(.data)
    .data                                    0x20000120   Section       80  motor_stepper.o(.data)
    SPM1_Beatx                               0x20000160   Data           1  motor_stepper.o(.data)
    LastDir                                  0x20000164   Data           4  motor_stepper.o(.data)
    SPM2_Beatx                               0x20000168   Data           1  motor_stepper.o(.data)
    LastDir                                  0x2000016c   Data           4  motor_stepper.o(.data)
    .data                                    0x20000170   Section       16  motor_servo.o(.data)
    SVM3_Counter                             0x20000178   Data           8  motor_servo.o(.data)
    .bss                                     0x20000180   Section      230  main.o(.bss)
    .bss                                     0x20000266   Section       36  communication.o(.bss)
    .bss                                     0x2000028c   Section       96  libspace.o(.bss)
    HEAP                                     0x200002f0   Section      512  startup_stm32f030.o(HEAP)
    Heap_Mem                                 0x200002f0   Data         512  startup_stm32f030.o(HEAP)
    STACK                                    0x200004f0   Section     1024  startup_stm32f030.o(STACK)
    Stack_Mem                                0x200004f0   Data        1024  startup_stm32f030.o(STACK)
    __initial_sp                             0x200008f0   Data           0  startup_stm32f030.o(STACK)

    Global Symbols

    Symbol Name                              Value     Ov Type        Size  Object(Section)

    BuildAttributes$$THM_ISAv3M$S$PE$A:L22$X:L11$S22$IEEE1$IW$USESV6$~STKCKD$USESV7$~SHL$OSPACE$ROPI$EBA8$UX$STANDARDLIB$REQ8$PRES8$EABIv2 0x00000000   Number         0  anon$$obj.o ABSOLUTE
    __ARM_use_no_argv                        0x00000000   Number         0  main.o ABSOLUTE
    __ARM_exceptions_init                     - Undefined Weak Reference
    __alloca_initialize                       - Undefined Weak Reference
    __arm_preinit_                            - Undefined Weak Reference
    __cpp_initialize__aeabi_                  - Undefined Weak Reference
    __cxa_finalize                            - Undefined Weak Reference
    __rt_locale                               - Undefined Weak Reference
    __sigvec_lookup                           - Undefined Weak Reference
    _atexit_init                              - Undefined Weak Reference
    _call_atexit_fns                          - Undefined Weak Reference
    _clock_init                               - Undefined Weak Reference
    _fp_trap_init                             - Undefined Weak Reference
    _fp_trap_shutdown                         - Undefined Weak Reference
    _get_lc_collate                           - Undefined Weak Reference
    _get_lc_ctype                             - Undefined Weak Reference
    _get_lc_monetary                          - Undefined Weak Reference
    _get_lc_numeric                           - Undefined Weak Reference
    _get_lc_time                              - Undefined Weak Reference
    _getenv_init                              - Undefined Weak Reference
    _handle_redirection                       - Undefined Weak Reference
    _init_alloc                               - Undefined Weak Reference
    _init_user_alloc                          - Undefined Weak Reference
    _initio                                   - Undefined Weak Reference
    _rand_init                                - Undefined Weak Reference
    _signal_finish                            - Undefined Weak Reference
    _signal_init                              - Undefined Weak Reference
    _terminate_alloc                          - Undefined Weak Reference
    _terminate_user_alloc                     - Undefined Weak Reference
    _terminateio                              - Undefined Weak Reference
    __Vectors_Size                           0x000000b4   Number         0  startup_stm32f030.o ABSOLUTE
    __Vectors                                0x08000000   Data           4  startup_stm32f030.o(RESET)
    __Vectors_End                            0x080000b4   Data           0  startup_stm32f030.o(RESET)
    __main                                   0x080000b5   Thumb Code     8  __main.o(!!!main)
    __scatterload                            0x080000bd   Thumb Code     0  __scatter.o(!!!scatter)
    __scatterload_rt2                        0x080000bd   Thumb Code    52  __scatter.o(!!!scatter)
    __scatterload_rt2_thumb_only             0x080000bd   Thumb Code     0  __scatter.o(!!!scatter)
    __scatterload_null                       0x080000cd   Thumb Code     0  __scatter.o(!!!scatter)
    __scatterload_zeroinit                   0x080000f9   Thumb Code    28  __scatter_zi.o(!!handler_zi)
    __rt_lib_init                            0x08000115   Thumb Code     0  libinit.o(.ARM.Collect$$libinit$$00000000)
    __rt_lib_init_alloca_1                   0x08000117   Thumb Code     0  libinit2.o(.ARM.Collect$$libinit$$0000002E)
    __rt_lib_init_argv_1                     0x08000117   Thumb Code     0  libinit2.o(.ARM.Collect$$libinit$$0000002C)
    __rt_lib_init_atexit_1                   0x08000117   Thumb Code     0  libinit2.o(.ARM.Collect$$libinit$$0000001B)
    __rt_lib_init_clock_1                    0x08000117   Thumb Code     0  libinit2.o(.ARM.Collect$$libinit$$00000021)
    __rt_lib_init_cpp_1                      0x08000117   Thumb Code     0  libinit2.o(.ARM.Collect$$libinit$$00000032)
    __rt_lib_init_exceptions_1               0x08000117   Thumb Code     0  libinit2.o(.ARM.Collect$$libinit$$00000030)
    __rt_lib_init_fp_1                       0x08000117   Thumb Code     0  libinit2.o(.ARM.Collect$$libinit$$00000002)
    __rt_lib_init_fp_trap_1                  0x08000117   Thumb Code     0  libinit2.o(.ARM.Collect$$libinit$$0000001F)
    __rt_lib_init_getenv_1                   0x08000117   Thumb Code     0  libinit2.o(.ARM.Collect$$libinit$$00000023)
    __rt_lib_init_heap_1                     0x08000117   Thumb Code     0  libinit2.o(.ARM.Collect$$libinit$$0000000A)
    __rt_lib_init_lc_collate_1               0x08000117   Thumb Code     0  libinit2.o(.ARM.Collect$$libinit$$00000011)
    __rt_lib_init_lc_ctype_1                 0x08000117   Thumb Code     0  libinit2.o(.ARM.Collect$$libinit$$00000013)
    __rt_lib_init_lc_monetary_1              0x08000117   Thumb Code     0  libinit2.o(.ARM.Collect$$libinit$$00000015)
    __rt_lib_init_lc_numeric_1               0x08000117   Thumb Code     0  libinit2.o(.ARM.Collect$$libinit$$00000017)
    __rt_lib_init_lc_time_1                  0x08000117   Thumb Code     0  libinit2.o(.ARM.Collect$$libinit$$00000019)
    __rt_lib_init_preinit_1                  0x08000117   Thumb Code     0  libinit2.o(.ARM.Collect$$libinit$$00000004)
    __rt_lib_init_rand_1                     0x08000117   Thumb Code     0  libinit2.o(.ARM.Collect$$libinit$$0000000E)
    __rt_lib_init_return                     0x08000117   Thumb Code     0  libinit2.o(.ARM.Collect$$libinit$$00000033)
    __rt_lib_init_signal_1                   0x08000117   Thumb Code     0  libinit2.o(.ARM.Collect$$libinit$$0000001D)
    __rt_lib_init_stdio_1                    0x08000117   Thumb Code     0  libinit2.o(.ARM.Collect$$libinit$$00000025)
    __rt_lib_init_user_alloc_1               0x08000117   Thumb Code     0  libinit2.o(.ARM.Collect$$libinit$$0000000C)
    __rt_lib_shutdown                        0x08000119   Thumb Code     0  libshutdown.o(.ARM.Collect$$libshutdown$$00000000)
    __rt_lib_shutdown_cpp_1                  0x0800011b   Thumb Code     0  libshutdown2.o(.ARM.Collect$$libshutdown$$00000002)
    __rt_lib_shutdown_fp_trap_1              0x0800011b   Thumb Code     0  libshutdown2.o(.ARM.Collect$$libshutdown$$00000007)
    __rt_lib_shutdown_heap_1                 0x0800011b   Thumb Code     0  libshutdown2.o(.ARM.Collect$$libshutdown$$0000000F)
    __rt_lib_shutdown_return                 0x0800011b   Thumb Code     0  libshutdown2.o(.ARM.Collect$$libshutdown$$00000010)
    __rt_lib_shutdown_signal_1               0x0800011b   Thumb Code     0  libshutdown2.o(.ARM.Collect$$libshutdown$$0000000A)
    __rt_lib_shutdown_stdio_1                0x0800011b   Thumb Code     0  libshutdown2.o(.ARM.Collect$$libshutdown$$00000004)
    __rt_lib_shutdown_user_alloc_1           0x0800011b   Thumb Code     0  libshutdown2.o(.ARM.Collect$$libshutdown$$0000000C)
    __rt_entry                               0x0800011d   Thumb Code     0  __rtentry.o(.ARM.Collect$$rtentry$$00000000)
    __rt_entry_presh_1                       0x0800011d   Thumb Code     0  __rtentry2.o(.ARM.Collect$$rtentry$$00000002)
    __rt_entry_sh                            0x0800011d   Thumb Code     0  __rtentry4.o(.ARM.Collect$$rtentry$$00000004)
    __rt_entry_li                            0x08000123   Thumb Code     0  __rtentry2.o(.ARM.Collect$$rtentry$$0000000A)
    __rt_entry_postsh_1                      0x08000123   Thumb Code     0  __rtentry2.o(.ARM.Collect$$rtentry$$00000009)
    __rt_entry_main                          0x08000127   Thumb Code     0  __rtentry2.o(.ARM.Collect$$rtentry$$0000000D)
    __rt_entry_postli_1                      0x08000127   Thumb Code     0  __rtentry2.o(.ARM.Collect$$rtentry$$0000000C)
    __rt_exit                                0x0800012f   Thumb Code     0  rtexit.o(.ARM.Collect$$rtexit$$00000000)
    __rt_exit_ls                             0x08000131   Thumb Code     0  rtexit2.o(.ARM.Collect$$rtexit$$00000003)
    __rt_exit_prels_1                        0x08000131   Thumb Code     0  rtexit2.o(.ARM.Collect$$rtexit$$00000002)
    __rt_exit_exit                           0x08000135   Thumb Code     0  rtexit2.o(.ARM.Collect$$rtexit$$00000004)
    __aeabi_memcpy4                          0x0800013d   Thumb Code    56  rt_memcpy.o(.emb_text)
    __aeabi_memcpy8                          0x0800013d   Thumb Code     0  rt_memcpy.o(.emb_text)
    Reset_Handler                            0x08000175   Thumb Code    38  startup_stm32f030.o(.text)
    ADC1_IRQHandler                          0x080001a5   Thumb Code     0  startup_stm32f030.o(.text)
    DMA1_Channel1_IRQHandler                 0x080001a5   Thumb Code     0  startup_stm32f030.o(.text)
    DMA1_Channel2_3_IRQHandler               0x080001a5   Thumb Code     0  startup_stm32f030.o(.text)
    DMA1_Channel4_5_IRQHandler               0x080001a5   Thumb Code     0  startup_stm32f030.o(.text)
    EXTI0_1_IRQHandler                       0x080001a5   Thumb Code     0  startup_stm32f030.o(.text)
    EXTI2_3_IRQHandler                       0x080001a5   Thumb Code     0  startup_stm32f030.o(.text)
    EXTI4_15_IRQHandler                      0x080001a5   Thumb Code     0  startup_stm32f030.o(.text)
    FLASH_IRQHandler                         0x080001a5   Thumb Code     0  startup_stm32f030.o(.text)
    I2C2_IRQHandler                          0x080001a5   Thumb Code     0  startup_stm32f030.o(.text)
    RCC_IRQHandler                           0x080001a5   Thumb Code     0  startup_stm32f030.o(.text)
    RTC_IRQHandler                           0x080001a5   Thumb Code     0  startup_stm32f030.o(.text)
    SPI1_IRQHandler                          0x080001a5   Thumb Code     0  startup_stm32f030.o(.text)
    SPI2_IRQHandler                          0x080001a5   Thumb Code     0  startup_stm32f030.o(.text)
    TIM15_IRQHandler                         0x080001a5   Thumb Code     0  startup_stm32f030.o(.text)
    TIM17_IRQHandler                         0x080001a5   Thumb Code     0  startup_stm32f030.o(.text)
    TIM1_BRK_UP_TRG_COM_IRQHandler           0x080001a5   Thumb Code     0  startup_stm32f030.o(.text)
    TIM1_CC_IRQHandler                       0x080001a5   Thumb Code     0  startup_stm32f030.o(.text)
    TIM3_IRQHandler                          0x080001a5   Thumb Code     0  startup_stm32f030.o(.text)
    USART1_IRQHandler                        0x080001a5   Thumb Code     0  startup_stm32f030.o(.text)
    USART2_IRQHandler                        0x080001a5   Thumb Code     0  startup_stm32f030.o(.text)
    WWDG_IRQHandler                          0x080001a5   Thumb Code     0  startup_stm32f030.o(.text)
    __user_initial_stackheap                 0x080001a9   Thumb Code     0  startup_stm32f030.o(.text)
    __aeabi_memcpy                           0x080001e9   Thumb Code   130  rt_memcpy.o(.text)
    __rt_memcpy                              0x080001e9   Thumb Code     0  rt_memcpy.o(.text)
    _memset_w                                0x0800026b   Thumb Code    26  rt_memclr.o(.text)
    _memset                                  0x08000285   Thumb Code    30  rt_memclr.o(.text)
    __aeabi_memclr                           0x080002a3   Thumb Code     4  rt_memclr.o(.text)
    __rt_memclr                              0x080002a3   Thumb Code     0  rt_memclr.o(.text)
    __aeabi_memclr4                          0x080002a7   Thumb Code     0  rt_memclr.o(.text)
    __aeabi_memclr8                          0x080002a7   Thumb Code     0  rt_memclr.o(.text)
    __rt_memclr_w                            0x080002a7   Thumb Code     4  rt_memclr.o(.text)
    __aeabi_uread4                           0x080002ab   Thumb Code    34  uread4.o(.text)
    __rt_uread4                              0x080002ab   Thumb Code     0  uread4.o(.text)
    __aeabi_uwrite4                          0x080002cd   Thumb Code    16  uwrite4.o(.text)
    __rt_uwrite4                             0x080002cd   Thumb Code     0  uwrite4.o(.text)
    __aeabi_uidiv                            0x080002dd   Thumb Code     0  aeabi_sdiv.o(.text)
    __aeabi_uidivmod                         0x080002dd   Thumb Code    20  aeabi_sdiv.o(.text)
    __aeabi_idiv                             0x080002f1   Thumb Code     0  aeabi_sdiv.o(.text)
    __aeabi_idivmod                          0x080002f1   Thumb Code   326  aeabi_sdiv.o(.text)
    __use_two_region_memory                  0x08000437   Thumb Code     2  heapauxi.o(.text)
    __rt_heap_escrow$2region                 0x08000439   Thumb Code     2  heapauxi.o(.text)
    __rt_heap_expand$2region                 0x0800043b   Thumb Code     2  heapauxi.o(.text)
    __aeabi_f2uiz                            0x0800043d   Thumb Code     0  ffixui.o(.text)
    _ffixu                                   0x0800043d   Thumb Code    48  ffixui.o(.text)
    __user_setup_stackheap                   0x0800046d   Thumb Code    62  sys_stackheap_outer.o(.text)
    exit                                     0x080004ab   Thumb Code    16  exit.o(.text)
    __user_libspace                          0x080004bd   Thumb Code     8  libspace.o(.text)
    __user_perproc_libspace                  0x080004bd   Thumb Code     0  libspace.o(.text)
    __user_perthread_libspace                0x080004bd   Thumb Code     0  libspace.o(.text)
    _sys_exit                                0x080004c5   Thumb Code     8  sys_exit.o(.text)
    __I$use$semihosting                      0x080004d1   Thumb Code     0  use_no_semi.o(.text)
    __use_no_semihosting_swi                 0x080004d1   Thumb Code     2  use_no_semi.o(.text)
    __decompress                             0x080004d3   Thumb Code     0  __dczerorl2.o(.text)
    __decompress1                            0x080004d3   Thumb Code    86  __dczerorl2.o(.text)
    __semihosting_library_function           0x080004d3   Thumb Code     0  indicate_semi.o(.text)
    DCM_Run                                  0x08000529   Thumb Code   254  motor_dc.o(i.DCM_Run)
    DCM_SetMode                              0x0800062d   Thumb Code    16  motor_dc.o(i.DCM_SetMode)
    DCM_SetSpeed                             0x0800063d   Thumb Code    18  motor_dc.o(i.DCM_SetSpeed)
    FLASH_ClearFlag                          0x08000655   Thumb Code     6  stm32f0xx_flash.o(i.FLASH_ClearFlag)
    FLASH_ErasePage                          0x08000661   Thumb Code    72  stm32f0xx_flash.o(i.FLASH_ErasePage)
    FLASH_GetStatus                          0x080006ad   Thumb Code    54  stm32f0xx_flash.o(i.FLASH_GetStatus)
    FLASH_PrefetchBufferCmd                  0x080006e9   Thumb Code    32  stm32f0xx_flash.o(i.FLASH_PrefetchBufferCmd)
    FLASH_ProgramWord                        0x0800070d   Thumb Code   104  stm32f0xx_flash.o(i.FLASH_ProgramWord)
    FLASH_SetLatency                         0x08000779   Thumb Code    24  stm32f0xx_flash.o(i.FLASH_SetLatency)
    FLASH_Unlock                             0x08000795   Thumb Code    24  stm32f0xx_flash.o(i.FLASH_Unlock)
    FLASH_WaitForLastOperation               0x080007b9   Thumb Code    40  stm32f0xx_flash.o(i.FLASH_WaitForLastOperation)
    Flash_Write                              0x080007e1   Thumb Code   176  main.o(i.Flash_Write)
    GPIOInit                                 0x08000891   Thumb Code   144  init.o(i.GPIOInit)
    GPIO_Init                                0x08000929   Thumb Code   144  stm32f0xx_gpio.o(i.GPIO_Init)
    GPIO_PinAFConfig                         0x080009b9   Thumb Code    68  stm32f0xx_gpio.o(i.GPIO_PinAFConfig)
    GPIO_ReadInputDataBit                    0x080009fd   Thumb Code    20  stm32f0xx_gpio.o(i.GPIO_ReadInputDataBit)
    GPIO_ResetBits                           0x08000a11   Thumb Code     4  stm32f0xx_gpio.o(i.GPIO_ResetBits)
    GPIO_SetBits                             0x08000a15   Thumb Code     4  stm32f0xx_gpio.o(i.GPIO_SetBits)
    HardFault_Handler                        0x08000a19   Thumb Code     4  stm32f0xx_it.o(i.HardFault_Handler)
    I2C1_IRQHandler                          0x08000a1d   Thumb Code   460  communication.o(i.I2C1_IRQHandler)
    I2CInit                                  0x08000bfd   Thumb Code   184  communication.o(i.I2CInit)
    I2C_AcknowledgeConfig                    0x08000cc9   Thumb Code    28  stm32f0xx_i2c.o(i.I2C_AcknowledgeConfig)
    I2C_ClearFlag                            0x08000ce5   Thumb Code     4  stm32f0xx_i2c.o(i.I2C_ClearFlag)
    I2C_ClearITPendingBit                    0x08000ce9   Thumb Code     4  stm32f0xx_i2c.o(i.I2C_ClearITPendingBit)
    I2C_Cmd                                  0x08000ced   Thumb Code    24  stm32f0xx_i2c.o(i.I2C_Cmd)
    I2C_DeInit                               0x08000d05   Thumb Code    50  stm32f0xx_i2c.o(i.I2C_DeInit)
    I2C_GenerateSTOP                         0x08000d3d   Thumb Code    28  stm32f0xx_i2c.o(i.I2C_GenerateSTOP)
    I2C_GetFlagStatus                        0x08000d59   Thumb Code    28  stm32f0xx_i2c.o(i.I2C_GetFlagStatus)
    I2C_ITConfig                             0x08000d75   Thumb Code    20  stm32f0xx_i2c.o(i.I2C_ITConfig)
    I2C_Init                                 0x08000d89   Thumb Code    98  stm32f0xx_i2c.o(i.I2C_Init)
    I2C_ReceiveData                          0x08000df5   Thumb Code     8  stm32f0xx_i2c.o(i.I2C_ReceiveData)
    I2C_SendData                             0x08000dfd   Thumb Code     4  stm32f0xx_i2c.o(i.I2C_SendData)
    IO_Run                                   0x08000e01   Thumb Code   130  main.o(i.IO_Run)
    IsNeedReset                              0x08000e99   Thumb Code    28  communication.o(i.IsNeedReset)
    NMI_Handler                              0x08000eb9   Thumb Code     2  stm32f0xx_it.o(i.NMI_Handler)
    PendSV_Handler                           0x08000f65   Thumb Code     2  stm32f0xx_it.o(i.PendSV_Handler)
    RCC_AHBPeriphClockCmd                    0x08000f69   Thumb Code    28  stm32f0xx_rcc.o(i.RCC_AHBPeriphClockCmd)
    RCC_APB1PeriphClockCmd                   0x08000f89   Thumb Code    28  stm32f0xx_rcc.o(i.RCC_APB1PeriphClockCmd)
    RCC_APB1PeriphResetCmd                   0x08000fa9   Thumb Code    28  stm32f0xx_rcc.o(i.RCC_APB1PeriphResetCmd)
    RCC_APB2PeriphClockCmd                   0x08000fc9   Thumb Code    28  stm32f0xx_rcc.o(i.RCC_APB2PeriphClockCmd)
    RCC_APB2PeriphResetCmd                   0x08000fe9   Thumb Code    28  stm32f0xx_rcc.o(i.RCC_APB2PeriphResetCmd)
    RCC_DeInit                               0x08001009   Thumb Code   102  stm32f0xx_rcc.o(i.RCC_DeInit)
    RCC_GetFlagStatus                        0x08001081   Thumb Code    68  stm32f0xx_rcc.o(i.RCC_GetFlagStatus)
    RCC_GetSYSCLKSource                      0x080010c9   Thumb Code    10  stm32f0xx_rcc.o(i.RCC_GetSYSCLKSource)
    RCC_HCLKConfig                           0x080010d9   Thumb Code    28  stm32f0xx_rcc.o(i.RCC_HCLKConfig)
    RCC_HSEConfig                            0x080010f9   Thumb Code    12  stm32f0xx_rcc.o(i.RCC_HSEConfig)
    RCC_I2CCLKConfig                         0x08001109   Thumb Code    22  stm32f0xx_rcc.o(i.RCC_I2CCLKConfig)
    RCC_PCLKConfig                           0x08001125   Thumb Code    30  stm32f0xx_rcc.o(i.RCC_PCLKConfig)
    RCC_PLLCmd                               0x08001149   Thumb Code    36  stm32f0xx_rcc.o(i.RCC_PLLCmd)
    RCC_PLLConfig                            0x08001171   Thumb Code    30  stm32f0xx_rcc.o(i.RCC_PLLConfig)
    RCC_SYSCLKConfig                         0x08001195   Thumb Code    24  stm32f0xx_rcc.o(i.RCC_SYSCLKConfig)
    RCC_WaitForHSEStartUp                    0x080011b1   Thumb Code    60  stm32f0xx_rcc.o(i.RCC_WaitForHSEStartUp)
    SPM1_Beat1                               0x080011ed   Thumb Code    20  motor_stepper.o(i.SPM1_Beat1)
    SPM1_Beat2                               0x08001201   Thumb Code    20  motor_stepper.o(i.SPM1_Beat2)
    SPM1_Beat3                               0x08001215   Thumb Code    20  motor_stepper.o(i.SPM1_Beat3)
    SPM1_Beat4                               0x08001229   Thumb Code    20  motor_stepper.o(i.SPM1_Beat4)
    SPM1_Beat5                               0x0800123d   Thumb Code    20  motor_stepper.o(i.SPM1_Beat5)
    SPM1_Beat6                               0x08001251   Thumb Code    20  motor_stepper.o(i.SPM1_Beat6)
    SPM1_Beat7                               0x08001265   Thumb Code    20  motor_stepper.o(i.SPM1_Beat7)
    SPM1_Beat8                               0x08001279   Thumb Code    20  motor_stepper.o(i.SPM1_Beat8)
    SPM1_Run                                 0x0800128d   Thumb Code    14  motor_stepper.o(i.SPM1_Run)
    SPM1_SetDuty                             0x080012a1   Thumb Code    80  motor_stepper.o(i.SPM1_SetDuty)
    SPM1_SetSpeed                            0x080012f9   Thumb Code    14  motor_stepper.o(i.SPM1_SetSpeed)
    SPM1_TimerInit                           0x08001311   Thumb Code   106  motor_stepper.o(i.SPM1_TimerInit)
    SPM2_Beat1                               0x08001389   Thumb Code    20  motor_stepper.o(i.SPM2_Beat1)
    SPM2_Beat2                               0x0800139d   Thumb Code    20  motor_stepper.o(i.SPM2_Beat2)
    SPM2_Beat3                               0x080013b1   Thumb Code    20  motor_stepper.o(i.SPM2_Beat3)
    SPM2_Beat4                               0x080013c5   Thumb Code    20  motor_stepper.o(i.SPM2_Beat4)
    SPM2_Beat5                               0x080013d9   Thumb Code    20  motor_stepper.o(i.SPM2_Beat5)
    SPM2_Beat6                               0x080013ed   Thumb Code    20  motor_stepper.o(i.SPM2_Beat6)
    SPM2_Beat7                               0x08001401   Thumb Code    20  motor_stepper.o(i.SPM2_Beat7)
    SPM2_Beat8                               0x08001415   Thumb Code    20  motor_stepper.o(i.SPM2_Beat8)
    SPM2_Run                                 0x08001429   Thumb Code    14  motor_stepper.o(i.SPM2_Run)
    SPM2_SetDuty                             0x0800143d   Thumb Code    84  motor_stepper.o(i.SPM2_SetDuty)
    SPM2_SetSpeed                            0x08001499   Thumb Code    14  motor_stepper.o(i.SPM2_SetSpeed)
    SPM2_TimerInit                           0x080014b1   Thumb Code   106  motor_stepper.o(i.SPM2_TimerInit)
    SPM_Init                                 0x08001529   Thumb Code    72  motor_stepper.o(i.SPM_Init)
    SPM_Run                                  0x08001575   Thumb Code   110  motor_stepper.o(i.SPM_Run)
    SVC_Handler                              0x080015e9   Thumb Code     2  stm32f0xx_it.o(i.SVC_Handler)
    SVM_Init                                 0x080015ed   Thumb Code   304  motor_servo.o(i.SVM_Init)
    SVM_PWM_ChannelCMD                       0x08001725   Thumb Code   240  motor_servo.o(i.SVM_PWM_ChannelCMD)
    SVM_PWM_Init                             0x08001825   Thumb Code   538  motor_servo.o(i.SVM_PWM_Init)
    SVM_Run                                  0x08001a59   Thumb Code   480  motor_servo.o(i.SVM_Run)
    SVM_SetDuty                              0x08001c41   Thumb Code   252  motor_servo.o(i.SVM_SetDuty)
    SVM_SetFreq                              0x08001d5d   Thumb Code   242  motor_servo.o(i.SVM_SetFreq)
    SaveData                                 0x08001e65   Thumb Code   142  main.o(i.SaveData)
    SysInit                                  0x08001fe1   Thumb Code   222  main.o(i.SysInit)
    SysTick_Handler                          0x080020d9   Thumb Code   292  motor_servo.o(i.SysTick_Handler)
    SystemClockInit                          0x08002219   Thumb Code    98  init.o(i.SystemClockInit)
    SystemInit                               0x08002285   Thumb Code   110  system_stm32f0xx.o(i.SystemInit)
    SystickInit                              0x08002301   Thumb Code    52  motor_servo.o(i.SystickInit)
    TB_1A_CCW                                0x08002345   Thumb Code    24  tb6612fng.o(i.TB_1A_CCW)
    TB_1A_CW                                 0x08002361   Thumb Code    24  tb6612fng.o(i.TB_1A_CW)
    TB_1A_ShortBreak                         0x0800237d   Thumb Code    24  tb6612fng.o(i.TB_1A_ShortBreak)
    TB_1A_Stop                               0x08002399   Thumb Code    24  tb6612fng.o(i.TB_1A_Stop)
    TB_1B_CCW                                0x080023b5   Thumb Code    24  tb6612fng.o(i.TB_1B_CCW)
    TB_1B_CW                                 0x080023d1   Thumb Code    24  tb6612fng.o(i.TB_1B_CW)
    TB_1B_ShortBreak                         0x080023ed   Thumb Code    24  tb6612fng.o(i.TB_1B_ShortBreak)
    TB_1B_Stop                               0x08002409   Thumb Code    24  tb6612fng.o(i.TB_1B_Stop)
    TB_2A_CCW                                0x08002425   Thumb Code    24  tb6612fng.o(i.TB_2A_CCW)
    TB_2A_CW                                 0x08002441   Thumb Code    24  tb6612fng.o(i.TB_2A_CW)
    TB_2A_ShortBreak                         0x0800245d   Thumb Code    24  tb6612fng.o(i.TB_2A_ShortBreak)
    TB_2A_Stop                               0x08002479   Thumb Code    24  tb6612fng.o(i.TB_2A_Stop)
    TB_2B_CCW                                0x08002495   Thumb Code    22  tb6612fng.o(i.TB_2B_CCW)
    TB_2B_CW                                 0x080024b1   Thumb Code    22  tb6612fng.o(i.TB_2B_CW)
    TB_2B_ShortBreak                         0x080024cd   Thumb Code    22  tb6612fng.o(i.TB_2B_ShortBreak)
    TB_2B_Stop                               0x080024e9   Thumb Code    22  tb6612fng.o(i.TB_2B_Stop)
    TB_Init                                  0x08002505   Thumb Code   188  tb6612fng.o(i.TB_Init)
    TB_PWM_ChannelCMD                        0x080025c5   Thumb Code   164  tb6612fng.o(i.TB_PWM_ChannelCMD)
    TB_PWM_Init                              0x0800266d   Thumb Code   304  tb6612fng.o(i.TB_PWM_Init)
    TB_PWM_SetDuty                           0x080027b1   Thumb Code   162  tb6612fng.o(i.TB_PWM_SetDuty)
    TB_SetWorkMode                           0x08002865   Thumb Code    20  tb6612fng.o(i.TB_SetWorkMode)
    TIM14_IRQHandler                         0x0800287d   Thumb Code   224  motor_stepper.o(i.TIM14_IRQHandler)
    TIM16_IRQHandler                         0x08002971   Thumb Code   224  motor_stepper.o(i.TIM16_IRQHandler)
    TIM_ARRPreloadConfig                     0x08002a65   Thumb Code    24  stm32f0xx_tim.o(i.TIM_ARRPreloadConfig)
    TIM_ClearFlag                            0x08002a81   Thumb Code     6  stm32f0xx_tim.o(i.TIM_ClearFlag)
    TIM_ClearITPendingBit                    0x08002a87   Thumb Code     6  stm32f0xx_tim.o(i.TIM_ClearITPendingBit)
    TIM_Cmd                                  0x08002a8d   Thumb Code    24  stm32f0xx_tim.o(i.TIM_Cmd)
    TIM_CtrlPWMOutputs                       0x08002aa9   Thumb Code    34  stm32f0xx_tim.o(i.TIM_CtrlPWMOutputs)
    TIM_DeInit                               0x08002acd   Thumb Code   228  stm32f0xx_tim.o(i.TIM_DeInit)
    TIM_GetITStatus                          0x08002bd1   Thumb Code    38  stm32f0xx_tim.o(i.TIM_GetITStatus)
    TIM_ITConfig                             0x08002bf7   Thumb Code    20  stm32f0xx_tim.o(i.TIM_ITConfig)
    TIM_OC1Init                              0x08002c0d   Thumb Code   122  stm32f0xx_tim.o(i.TIM_OC1Init)
    TIM_OC2Init                              0x08002ca1   Thumb Code   142  stm32f0xx_tim.o(i.TIM_OC2Init)
    TIM_OC3Init                              0x08002d4d   Thumb Code   124  stm32f0xx_tim.o(i.TIM_OC3Init)
    TIM_OC4Init                              0x08002de5   Thumb Code    88  stm32f0xx_tim.o(i.TIM_OC4Init)
    TIM_OCStructInit                         0x08002e55   Thumb Code    20  stm32f0xx_tim.o(i.TIM_OCStructInit)
    TIM_TimeBaseInit                         0x08002e69   Thumb Code    90  stm32f0xx_tim.o(i.TIM_TimeBaseInit)
    TIM_TimeBaseStructInit                   0x08002ee5   Thumb Code    18  stm32f0xx_tim.o(i.TIM_TimeBaseStructInit)
    __ARM_common_switch8                     0x08002ef7   Thumb Code    28  motor_servo.o(i.__ARM_common_switch8)
    main                                     0x08002f15   Thumb Code   118  main.o(i.main)
    __aeabi_fadd                             0x08002fa9   Thumb Code     0  faddsub.o(x$fpl$fadd)
    _fadd                                    0x08002fa9   Thumb Code   134  faddsub.o(x$fpl$fadd)
    __aeabi_fsub                             0x08003035   Thumb Code     0  faddsub.o(x$fpl$fsub)
    _fsub                                    0x08003035   Thumb Code   204  faddsub.o(x$fpl$fsub)
    Region$$Table$$Base                      0x08003104   Number         0  anon$$obj.o(Region$$Table)
    __I$use$fp                               0x08003104   Number         0  usenofp.o(x$fpl$usenofp)
    Region$$Table$$Limit                     0x08003124   Number         0  anon$$obj.o(Region$$Table)
    DeConfigValue                            0x20000000   Data         115  main.o(.data)
    GPIO_Index                               0x20000074   Data          24  main.o(.data)
    GPIO_PinIndex                            0x2000008c   Data          12  main.o(.data)
    GPIO_ModeIndex                           0x20000098   Data           2  main.o(.data)
    GPIO_PuPdIndex                           0x2000009a   Data           3  main.o(.data)
    GPIO_PpOdIndex                           0x2000009d   Data           2  main.o(.data)
    localtime                                0x200000a0   Data           8  main.o(.data)
    IO_STATE_RegIndex                        0x200000a8   Data           6  main.o(.data)
    CheckResetIndex                          0x200000ae   Data          23  communication.o(.data)
    SystemCoreClock                          0x200000c8   Data           4  system_stm32f0xx.o(.data)
    AHBPrescTable                            0x200000cc   Data          16  system_stm32f0xx.o(.data)
    TB_PWMChannel                            0x200000dc   Data           4  tb6612fng.o(.data)
    TB_WorkModeFunctionPointer               0x200000e0   Data          64  tb6612fng.o(.data)
    SPM1_Beatx                               0x20000120   Data          32  motor_stepper.o(.data)
    SPM2_Beatx                               0x20000140   Data          32  motor_stepper.o(.data)
    SVM_MinDuty                              0x20000170   Data           4  motor_servo.o(.data)
    SVM_MaxDuty                              0x20000174   Data           4  motor_servo.o(.data)
    Config                                   0x20000180   Data         115  main.o(.bss)
    ParamReg                                 0x200001f3   Data         115  main.o(.bss)
    I2C_Communication                        0x20000266   Data          36  communication.o(.bss)
    __libspace_start                         0x2000028c   Data          96  libspace.o(.bss)
    __temporary_stack_top$libspace           0x200002ec   Data           0  libspace.o(.bss)



==============================================================================

Memory Map of the image

  Image Entry point : 0x08000175

  Load Region LR_1 (Base: 0x08000000, Size: 0x000032a4, Max: 0xffffffff, ABSOLUTE, COMPRESSED[0x00003200])

    Execution Region ER_RO (Base: 0x08000000, Size: 0x00003124, Max: 0xffffffff, ABSOLUTE)

    Base Addr    Size         Type   Attr      Idx    E Section Name        Object

    0x08000000   0x000000b4   Data   RO         2254    RESET               startup_stm32f030.o
    0x080000b4   0x00000008   Code   RO         2747  * !!!main             c_p.l(__main.o)
    0x080000bc   0x0000003c   Code   RO         2927    !!!scatter          c_p.l(__scatter.o)
    0x080000f8   0x0000001c   Code   RO         2929    !!handler_zi        c_p.l(__scatter_zi.o)
    0x08000114   0x00000002   Code   RO         2794    .ARM.Collect$$libinit$$00000000  c_p.l(libinit.o)
    0x08000116   0x00000000   Code   RO         2808    .ARM.Collect$$libinit$$00000002  c_p.l(libinit2.o)
    0x08000116   0x00000000   Code   RO         2810    .ARM.Collect$$libinit$$00000004  c_p.l(libinit2.o)
    0x08000116   0x00000000   Code   RO         2813    .ARM.Collect$$libinit$$0000000A  c_p.l(libinit2.o)
    0x08000116   0x00000000   Code   RO         2815    .ARM.Collect$$libinit$$0000000C  c_p.l(libinit2.o)
    0x08000116   0x00000000   Code   RO         2817    .ARM.Collect$$libinit$$0000000E  c_p.l(libinit2.o)
    0x08000116   0x00000000   Code   RO         2820    .ARM.Collect$$libinit$$00000011  c_p.l(libinit2.o)
    0x08000116   0x00000000   Code   RO         2822    .ARM.Collect$$libinit$$00000013  c_p.l(libinit2.o)
    0x08000116   0x00000000   Code   RO         2824    .ARM.Collect$$libinit$$00000015  c_p.l(libinit2.o)
    0x08000116   0x00000000   Code   RO         2826    .ARM.Collect$$libinit$$00000017  c_p.l(libinit2.o)
    0x08000116   0x00000000   Code   RO         2828    .ARM.Collect$$libinit$$00000019  c_p.l(libinit2.o)
    0x08000116   0x00000000   Code   RO         2830    .ARM.Collect$$libinit$$0000001B  c_p.l(libinit2.o)
    0x08000116   0x00000000   Code   RO         2832    .ARM.Collect$$libinit$$0000001D  c_p.l(libinit2.o)
    0x08000116   0x00000000   Code   RO         2834    .ARM.Collect$$libinit$$0000001F  c_p.l(libinit2.o)
    0x08000116   0x00000000   Code   RO         2836    .ARM.Collect$$libinit$$00000021  c_p.l(libinit2.o)
    0x08000116   0x00000000   Code   RO         2838    .ARM.Collect$$libinit$$00000023  c_p.l(libinit2.o)
    0x08000116   0x00000000   Code   RO         2840    .ARM.Collect$$libinit$$00000025  c_p.l(libinit2.o)
    0x08000116   0x00000000   Code   RO         2844    .ARM.Collect$$libinit$$0000002C  c_p.l(libinit2.o)
    0x08000116   0x00000000   Code   RO         2846    .ARM.Collect$$libinit$$0000002E  c_p.l(libinit2.o)
    0x08000116   0x00000000   Code   RO         2848    .ARM.Collect$$libinit$$00000030  c_p.l(libinit2.o)
    0x08000116   0x00000000   Code   RO         2850    .ARM.Collect$$libinit$$00000032  c_p.l(libinit2.o)
    0x08000116   0x00000002   Code   RO         2851    .ARM.Collect$$libinit$$00000033  c_p.l(libinit2.o)
    0x08000118   0x00000002   Code   RO         2882    .ARM.Collect$$libshutdown$$00000000  c_p.l(libshutdown.o)
    0x0800011a   0x00000000   Code   RO         2908    .ARM.Collect$$libshutdown$$00000002  c_p.l(libshutdown2.o)
    0x0800011a   0x00000000   Code   RO         2910    .ARM.Collect$$libshutdown$$00000004  c_p.l(libshutdown2.o)
    0x0800011a   0x00000000   Code   RO         2913    .ARM.Collect$$libshutdown$$00000007  c_p.l(libshutdown2.o)
    0x0800011a   0x00000000   Code   RO         2916    .ARM.Collect$$libshutdown$$0000000A  c_p.l(libshutdown2.o)
    0x0800011a   0x00000000   Code   RO         2918    .ARM.Collect$$libshutdown$$0000000C  c_p.l(libshutdown2.o)
    0x0800011a   0x00000000   Code   RO         2921    .ARM.Collect$$libshutdown$$0000000F  c_p.l(libshutdown2.o)
    0x0800011a   0x00000002   Code   RO         2922    .ARM.Collect$$libshutdown$$00000010  c_p.l(libshutdown2.o)
    0x0800011c   0x00000000   Code   RO         2757    .ARM.Collect$$rtentry$$00000000  c_p.l(__rtentry.o)
    0x0800011c   0x00000000   Code   RO         2764    .ARM.Collect$$rtentry$$00000002  c_p.l(__rtentry2.o)
    0x0800011c   0x00000006   Code   RO         2776    .ARM.Collect$$rtentry$$00000004  c_p.l(__rtentry4.o)
    0x08000122   0x00000000   Code   RO         2766    .ARM.Collect$$rtentry$$00000009  c_p.l(__rtentry2.o)
    0x08000122   0x00000004   Code   RO         2767    .ARM.Collect$$rtentry$$0000000A  c_p.l(__rtentry2.o)
    0x08000126   0x00000000   Code   RO         2769    .ARM.Collect$$rtentry$$0000000C  c_p.l(__rtentry2.o)
    0x08000126   0x00000008   Code   RO         2770    .ARM.Collect$$rtentry$$0000000D  c_p.l(__rtentry2.o)
    0x0800012e   0x00000002   Code   RO         2799    .ARM.Collect$$rtexit$$00000000  c_p.l(rtexit.o)
    0x08000130   0x00000000   Code   RO         2855    .ARM.Collect$$rtexit$$00000002  c_p.l(rtexit2.o)
    0x08000130   0x00000004   Code   RO         2856    .ARM.Collect$$rtexit$$00000003  c_p.l(rtexit2.o)
    0x08000134   0x00000006   Code   RO         2857    .ARM.Collect$$rtexit$$00000004  c_p.l(rtexit2.o)
    0x0800013a   0x00000002   PAD
    0x0800013c   0x00000038   Code   RO         2731    .emb_text           c_p.l(rt_memcpy.o)
    0x08000174   0x00000074   Code   RO         2255  * .text               startup_stm32f030.o
    0x080001e8   0x00000082   Code   RO         2732    .text               c_p.l(rt_memcpy.o)
    0x0800026a   0x00000040   Code   RO         2735    .text               c_p.l(rt_memclr.o)
    0x080002aa   0x00000022   Code   RO         2737    .text               c_p.l(uread4.o)
    0x080002cc   0x00000010   Code   RO         2739    .text               c_p.l(uwrite4.o)
    0x080002dc   0x0000015a   Code   RO         2741    .text               c_p.l(aeabi_sdiv.o)
    0x08000436   0x00000006   Code   RO         2745    .text               c_p.l(heapauxi.o)
    0x0800043c   0x00000030   Code   RO         2755    .text               fz_ps.l(ffixui.o)
    0x0800046c   0x0000003e   Code   RO         2780    .text               c_p.l(sys_stackheap_outer.o)
    0x080004aa   0x00000010   Code   RO         2783    .text               c_p.l(exit.o)
    0x080004ba   0x00000002   PAD
    0x080004bc   0x00000008   Code   RO         2795    .text               c_p.l(libspace.o)
    0x080004c4   0x0000000c   Code   RO         2852    .text               c_p.l(sys_exit.o)
    0x080004d0   0x00000002   Code   RO         2871    .text               c_p.l(use_no_semi.o)
    0x080004d2   0x00000000   Code   RO         2873    .text               c_p.l(indicate_semi.o)
    0x080004d2   0x00000056   Code   RO         2925    .text               c_p.l(__dczerorl2.o)
    0x08000528   0x00000104   Code   RO         2414    i.DCM_Run           motor_dc.o
    0x0800062c   0x00000010   Code   RO         2415    i.DCM_SetMode       motor_dc.o
    0x0800063c   0x00000018   Code   RO         2416    i.DCM_SetSpeed      motor_dc.o
    0x08000654   0x0000000c   Code   RO          341    i.FLASH_ClearFlag   stm32f0xx_flash.o
    0x08000660   0x0000004c   Code   RO          343    i.FLASH_ErasePage   stm32f0xx_flash.o
    0x080006ac   0x0000003c   Code   RO          346    i.FLASH_GetStatus   stm32f0xx_flash.o
    0x080006e8   0x00000024   Code   RO          366    i.FLASH_PrefetchBufferCmd  stm32f0xx_flash.o
    0x0800070c   0x0000006c   Code   RO          368    i.FLASH_ProgramWord  stm32f0xx_flash.o
    0x08000778   0x0000001c   Code   RO          369    i.FLASH_SetLatency  stm32f0xx_flash.o
    0x08000794   0x00000024   Code   RO          370    i.FLASH_Unlock      stm32f0xx_flash.o
    0x080007b8   0x00000028   Code   RO          371    i.FLASH_WaitForLastOperation  stm32f0xx_flash.o
    0x080007e0   0x000000b0   Code   RO            4    i.Flash_Write       main.o
    0x08000890   0x00000098   Code   RO          234    i.GPIOInit          init.o
    0x08000928   0x00000090   Code   RO          542    i.GPIO_Init         stm32f0xx_gpio.o
    0x080009b8   0x00000044   Code   RO          543    i.GPIO_PinAFConfig  stm32f0xx_gpio.o
    0x080009fc   0x00000014   Code   RO          546    i.GPIO_ReadInputDataBit  stm32f0xx_gpio.o
    0x08000a10   0x00000004   Code   RO          549    i.GPIO_ResetBits    stm32f0xx_gpio.o
    0x08000a14   0x00000004   Code   RO          550    i.GPIO_SetBits      stm32f0xx_gpio.o
    0x08000a18   0x00000004   Code   RO          186    i.HardFault_Handler  stm32f0xx_it.o
    0x08000a1c   0x000001e0   Code   RO          299    i.I2C1_IRQHandler   communication.o
    0x08000bfc   0x000000cc   Code   RO          300    i.I2CInit           communication.o
    0x08000cc8   0x0000001c   Code   RO          635    i.I2C_AcknowledgeConfig  stm32f0xx_i2c.o
    0x08000ce4   0x00000004   Code   RO          638    i.I2C_ClearFlag     stm32f0xx_i2c.o
    0x08000ce8   0x00000004   Code   RO          639    i.I2C_ClearITPendingBit  stm32f0xx_i2c.o
    0x08000cec   0x00000018   Code   RO          641    i.I2C_Cmd           stm32f0xx_i2c.o
    0x08000d04   0x00000038   Code   RO          643    i.I2C_DeInit        stm32f0xx_i2c.o
    0x08000d3c   0x0000001c   Code   RO          648    i.I2C_GenerateSTOP  stm32f0xx_i2c.o
    0x08000d58   0x0000001c   Code   RO          650    i.I2C_GetFlagStatus  stm32f0xx_i2c.o
    0x08000d74   0x00000014   Code   RO          654    i.I2C_ITConfig      stm32f0xx_i2c.o
    0x08000d88   0x0000006c   Code   RO          656    i.I2C_Init          stm32f0xx_i2c.o
    0x08000df4   0x00000008   Code   RO          662    i.I2C_ReceiveData   stm32f0xx_i2c.o
    0x08000dfc   0x00000004   Code   RO          665    i.I2C_SendData      stm32f0xx_i2c.o
    0x08000e00   0x00000098   Code   RO            5    i.IO_Run            main.o
    0x08000e98   0x00000020   Code   RO          301    i.IsNeedReset       communication.o
    0x08000eb8   0x00000002   Code   RO          187    i.NMI_Handler       stm32f0xx_it.o
    0x08000eba   0x00000002   PAD
    0x08000ebc   0x00000014   Code   RO         2463    i.NVIC_EnableIRQ    motor_stepper.o
    0x08000ed0   0x00000078   Code   RO         2653    i.NVIC_SetPriority  motor_servo.o
    0x08000f48   0x0000001c   Code   RO            6    i.NVIC_SystemReset  main.o
    0x08000f64   0x00000002   Code   RO          188    i.PendSV_Handler    stm32f0xx_it.o
    0x08000f66   0x00000002   PAD
    0x08000f68   0x00000020   Code   RO         1006    i.RCC_AHBPeriphClockCmd  stm32f0xx_rcc.o
    0x08000f88   0x00000020   Code   RO         1008    i.RCC_APB1PeriphClockCmd  stm32f0xx_rcc.o
    0x08000fa8   0x00000020   Code   RO         1009    i.RCC_APB1PeriphResetCmd  stm32f0xx_rcc.o
    0x08000fc8   0x00000020   Code   RO         1010    i.RCC_APB2PeriphClockCmd  stm32f0xx_rcc.o
    0x08000fe8   0x00000020   Code   RO         1011    i.RCC_APB2PeriphResetCmd  stm32f0xx_rcc.o
    0x08001008   0x00000078   Code   RO         1019    i.RCC_DeInit        stm32f0xx_rcc.o
    0x08001080   0x00000048   Code   RO         1021    i.RCC_GetFlagStatus  stm32f0xx_rcc.o
    0x080010c8   0x00000010   Code   RO         1023    i.RCC_GetSYSCLKSource  stm32f0xx_rcc.o
    0x080010d8   0x00000020   Code   RO         1024    i.RCC_HCLKConfig    stm32f0xx_rcc.o
    0x080010f8   0x00000010   Code   RO         1025    i.RCC_HSEConfig     stm32f0xx_rcc.o
    0x08001108   0x0000001c   Code   RO         1030    i.RCC_I2CCLKConfig  stm32f0xx_rcc.o
    0x08001124   0x00000024   Code   RO         1036    i.RCC_PCLKConfig    stm32f0xx_rcc.o
    0x08001148   0x00000028   Code   RO         1037    i.RCC_PLLCmd        stm32f0xx_rcc.o
    0x08001170   0x00000024   Code   RO         1038    i.RCC_PLLConfig     stm32f0xx_rcc.o
    0x08001194   0x0000001c   Code   RO         1042    i.RCC_SYSCLKConfig  stm32f0xx_rcc.o
    0x080011b0   0x0000003c   Code   RO         1045    i.RCC_WaitForHSEStartUp  stm32f0xx_rcc.o
    0x080011ec   0x00000014   Code   RO         2464    i.SPM1_Beat1        motor_stepper.o
    0x08001200   0x00000014   Code   RO         2465    i.SPM1_Beat2        motor_stepper.o
    0x08001214   0x00000014   Code   RO         2466    i.SPM1_Beat3        motor_stepper.o
    0x08001228   0x00000014   Code   RO         2467    i.SPM1_Beat4        motor_stepper.o
    0x0800123c   0x00000014   Code   RO         2468    i.SPM1_Beat5        motor_stepper.o
    0x08001250   0x00000014   Code   RO         2469    i.SPM1_Beat6        motor_stepper.o
    0x08001264   0x00000014   Code   RO         2470    i.SPM1_Beat7        motor_stepper.o
    0x08001278   0x00000014   Code   RO         2471    i.SPM1_Beat8        motor_stepper.o
    0x0800128c   0x00000014   Code   RO         2472    i.SPM1_Run          motor_stepper.o
    0x080012a0   0x00000058   Code   RO         2473    i.SPM1_SetDuty      motor_stepper.o
    0x080012f8   0x00000018   Code   RO         2474    i.SPM1_SetSpeed     motor_stepper.o
    0x08001310   0x00000078   Code   RO         2475    i.SPM1_TimerInit    motor_stepper.o
    0x08001388   0x00000014   Code   RO         2476    i.SPM2_Beat1        motor_stepper.o
    0x0800139c   0x00000014   Code   RO         2477    i.SPM2_Beat2        motor_stepper.o
    0x080013b0   0x00000014   Code   RO         2478    i.SPM2_Beat3        motor_stepper.o
    0x080013c4   0x00000014   Code   RO         2479    i.SPM2_Beat4        motor_stepper.o
    0x080013d8   0x00000014   Code   RO         2480    i.SPM2_Beat5        motor_stepper.o
    0x080013ec   0x00000014   Code   RO         2481    i.SPM2_Beat6        motor_stepper.o
    0x08001400   0x00000014   Code   RO         2482    i.SPM2_Beat7        motor_stepper.o
    0x08001414   0x00000014   Code   RO         2483    i.SPM2_Beat8        motor_stepper.o
    0x08001428   0x00000014   Code   RO         2484    i.SPM2_Run          motor_stepper.o
    0x0800143c   0x0000005c   Code   RO         2485    i.SPM2_SetDuty      motor_stepper.o
    0x08001498   0x00000018   Code   RO         2486    i.SPM2_SetSpeed     motor_stepper.o
    0x080014b0   0x00000078   Code   RO         2487    i.SPM2_TimerInit    motor_stepper.o
    0x08001528   0x0000004c   Code   RO         2488    i.SPM_Init          motor_stepper.o
    0x08001574   0x00000074   Code   RO         2489    i.SPM_Run           motor_stepper.o
    0x080015e8   0x00000002   Code   RO          189    i.SVC_Handler       stm32f0xx_it.o
    0x080015ea   0x00000002   PAD
    0x080015ec   0x00000138   Code   RO         2654    i.SVM_Init          motor_servo.o
    0x08001724   0x00000100   Code   RO         2655    i.SVM_PWM_ChannelCMD  motor_servo.o
    0x08001824   0x00000234   Code   RO         2656    i.SVM_PWM_Init      motor_servo.o
    0x08001a58   0x000001e8   Code   RO         2657    i.SVM_Run           motor_servo.o
    0x08001c40   0x0000011c   Code   RO         2658    i.SVM_SetDuty       motor_servo.o
    0x08001d5c   0x00000108   Code   RO         2659    i.SVM_SetFreq       motor_servo.o
    0x08001e64   0x000000a4   Code   RO            7    i.SaveData          main.o
    0x08001f08   0x000000d8   Code   RO         2217    i.SetSysClock       system_stm32f0xx.o
    0x08001fe0   0x000000f8   Code   RO            8    i.SysInit           main.o
    0x080020d8   0x00000140   Code   RO         2660    i.SysTick_Handler   motor_servo.o
    0x08002218   0x0000006c   Code   RO          235    i.SystemClockInit   init.o
    0x08002284   0x0000007c   Code   RO         2219    i.SystemInit        system_stm32f0xx.o
    0x08002300   0x00000044   Code   RO         2661    i.SystickInit       motor_servo.o
    0x08002344   0x0000001c   Code   RO         2261    i.TB_1A_CCW         tb6612fng.o
    0x08002360   0x0000001c   Code   RO         2262    i.TB_1A_CW          tb6612fng.o
    0x0800237c   0x0000001c   Code   RO         2263    i.TB_1A_ShortBreak  tb6612fng.o
    0x08002398   0x0000001c   Code   RO         2264    i.TB_1A_Stop        tb6612fng.o
    0x080023b4   0x0000001c   Code   RO         2265    i.TB_1B_CCW         tb6612fng.o
    0x080023d0   0x0000001c   Code   RO         2266    i.TB_1B_CW          tb6612fng.o
    0x080023ec   0x0000001c   Code   RO         2267    i.TB_1B_ShortBreak  tb6612fng.o
    0x08002408   0x0000001c   Code   RO         2268    i.TB_1B_Stop        tb6612fng.o
    0x08002424   0x0000001c   Code   RO         2269    i.TB_2A_CCW         tb6612fng.o
    0x08002440   0x0000001c   Code   RO         2270    i.TB_2A_CW          tb6612fng.o
    0x0800245c   0x0000001c   Code   RO         2271    i.TB_2A_ShortBreak  tb6612fng.o
    0x08002478   0x0000001c   Code   RO         2272    i.TB_2A_Stop        tb6612fng.o
    0x08002494   0x0000001c   Code   RO         2273    i.TB_2B_CCW         tb6612fng.o
    0x080024b0   0x0000001c   Code   RO         2274    i.TB_2B_CW          tb6612fng.o
    0x080024cc   0x0000001c   Code   RO         2275    i.TB_2B_ShortBreak  tb6612fng.o
    0x080024e8   0x0000001c   Code   RO         2276    i.TB_2B_Stop        tb6612fng.o
    0x08002504   0x000000c0   Code   RO         2277    i.TB_Init           tb6612fng.o
    0x080025c4   0x000000a8   Code   RO         2278    i.TB_PWM_ChannelCMD  tb6612fng.o
    0x0800266c   0x00000144   Code   RO         2279    i.TB_PWM_Init       tb6612fng.o
    0x080027b0   0x000000b4   Code   RO         2280    i.TB_PWM_SetDuty    tb6612fng.o
    0x08002864   0x00000018   Code   RO         2282    i.TB_SetWorkMode    tb6612fng.o
    0x0800287c   0x000000f4   Code   RO         2490    i.TIM14_IRQHandler  motor_stepper.o
    0x08002970   0x000000f4   Code   RO         2491    i.TIM16_IRQHandler  motor_stepper.o
    0x08002a64   0x0000001c   Code   RO         1345    i.TIM_ARRPreloadConfig  stm32f0xx_tim.o
    0x08002a80   0x00000006   Code   RO         1351    i.TIM_ClearFlag     stm32f0xx_tim.o
    0x08002a86   0x00000006   Code   RO         1352    i.TIM_ClearITPendingBit  stm32f0xx_tim.o
    0x08002a8c   0x0000001c   Code   RO         1357    i.TIM_Cmd           stm32f0xx_tim.o
    0x08002aa8   0x00000022   Code   RO         1359    i.TIM_CtrlPWMOutputs  stm32f0xx_tim.o
    0x08002aca   0x00000002   PAD
    0x08002acc   0x00000104   Code   RO         1362    i.TIM_DeInit        stm32f0xx_tim.o
    0x08002bd0   0x00000026   Code   RO         1378    i.TIM_GetITStatus   stm32f0xx_tim.o
    0x08002bf6   0x00000014   Code   RO         1382    i.TIM_ITConfig      stm32f0xx_tim.o
    0x08002c0a   0x00000002   PAD
    0x08002c0c   0x00000094   Code   RO         1386    i.TIM_OC1Init       stm32f0xx_tim.o
    0x08002ca0   0x000000ac   Code   RO         1391    i.TIM_OC2Init       stm32f0xx_tim.o
    0x08002d4c   0x00000098   Code   RO         1396    i.TIM_OC3Init       stm32f0xx_tim.o
    0x08002de4   0x00000070   Code   RO         1401    i.TIM_OC4Init       stm32f0xx_tim.o
    0x08002e54   0x00000014   Code   RO         1404    i.TIM_OCStructInit  stm32f0xx_tim.o
    0x08002e68   0x0000007c   Code   RO         1430    i.TIM_TimeBaseInit  stm32f0xx_tim.o
    0x08002ee4   0x00000012   Code   RO         1431    i.TIM_TimeBaseStructInit  stm32f0xx_tim.o
    0x08002ef6   0x0000001c   Code   RO         2718    i.__ARM_common_switch8  motor_servo.o
    0x08002f12   0x00000002   PAD
    0x08002f14   0x00000094   Code   RO            9    i.main              main.o
    0x08002fa8   0x0000008c   Code   RO         2749    x$fpl$fadd          fz_ps.l(faddsub.o)
    0x08003034   0x000000d0   Code   RO         2751    x$fpl$fsub          fz_ps.l(faddsub.o)
    0x08003104   0x00000000   Code   RO         2762    x$fpl$usenofp       fz_ps.l(usenofp.o)
    0x08003104   0x00000020   Data   RO         2923    Region$$Table       anon$$obj.o


    Execution Region ER_RW (Base: 0x20000000, Size: 0x00000180, Max: 0xffffffff, ABSOLUTE, COMPRESSED[0x000000dc])

    Base Addr    Size         Type   Attr      Idx    E Section Name        Object

    0x20000000   0x000000ae   Data   RW           11    .data               main.o
    0x200000ae   0x00000018   Data   RW          303    .data               communication.o
    0x200000c6   0x00000002   PAD
    0x200000c8   0x00000014   Data   RW         2220    .data               system_stm32f0xx.o
    0x200000dc   0x00000044   Data   RW         2283    .data               tb6612fng.o
    0x20000120   0x00000050   Data   RW         2492    .data               motor_stepper.o
    0x20000170   0x00000010   Data   RW         2662    .data               motor_servo.o


    Execution Region ER_ZI (Base: 0x20000180, Size: 0x00000770, Max: 0xffffffff, ABSOLUTE)

    Base Addr    Size         Type   Attr      Idx    E Section Name        Object

    0x20000180   0x000000e6   Zero   RW           10    .bss                main.o
    0x20000266   0x00000024   Zero   RW          302    .bss                communication.o
    0x2000028a   0x00000002   PAD
    0x2000028c   0x00000060   Zero   RW         2796    .bss                c_p.l(libspace.o)
    0x200002ec   0x00000004   PAD
    0x200002f0   0x00000200   Zero   RW         2253    HEAP                startup_stm32f030.o
    0x200004f0   0x00000400   Zero   RW         2252    STACK               startup_stm32f030.o


==============================================================================

Image component sizes


      Code (inc. data)   RO Data    RW Data    ZI Data      Debug   Object Name

       716         44          0         24         36       9026   communication.o
       260         18          0          0          0       1529   init.o
       916        110          0        174        230     225525   main.o
       300         12          0          0          0       4605   motor_dc.o
      2704        190          0         16          0      11871   motor_servo.o
      1528        132          0         80          0      14557   motor_stepper.o
       116         56        180          0       1536        816   startup_stm32f030.o
       396         40          0          0          0       5903   stm32f0xx_flash.o
       240          0          0          0          0       4115   stm32f0xx_gpio.o
       312         16          0          0          0       8021   stm32f0xx_i2c.o
        10          0          0          0          0       1673   stm32f0xx_it.o
       644         82          0          0          0      11204   stm32f0xx_rcc.o
      1166        182          0          0          0      11371   stm32f0xx_tim.o
       340         24          0         20          0       2289   system_stm32f0xx.o
      1336        122          0         68          0      14145   tb6612fng.o

    ----------------------------------------------------------------------
     10996       1028        212        384       1804     326650   Object Totals
         0          0         32          0          0          0   (incl. Generated)
        12          0          0          2          2          0   (incl. Padding)

    ----------------------------------------------------------------------

      Code (inc. data)   RO Data    RW Data    ZI Data      Debug   Library Member Name

        86          0          0          0          0          0   __dczerorl2.o
         8          0          0          0          0         68   __main.o
         0          0          0          0          0          0   __rtentry.o
        12          0          0          0          0          0   __rtentry2.o
         6          0          0          0          0          0   __rtentry4.o
        60          8          0          0          0          0   __scatter.o
        28          0          0          0          0          0   __scatter_zi.o
       346          0          0          0          0         92   aeabi_sdiv.o
        16          0          0          0          0         68   exit.o
         6          0          0          0          0        136   heapauxi.o
         0          0          0          0          0          0   indicate_semi.o
         2          0          0          0          0          0   libinit.o
         2          0          0          0          0          0   libinit2.o
         2          0          0          0          0          0   libshutdown.o
         2          0          0          0          0          0   libshutdown2.o
         8          4          0          0         96         68   libspace.o
        64          0          0          0          0        108   rt_memclr.o
       186          0          0          0          0        144   rt_memcpy.o
         2          0          0          0          0          0   rtexit.o
        10          0          0          0          0          0   rtexit2.o
        12          4          0          0          0         60   sys_exit.o
        62          0          0          0          0         80   sys_stackheap_outer.o
        34          0          0          0          0         60   uread4.o
         2          0          0          0          0         68   use_no_semi.o
        16          0          0          0          0         60   uwrite4.o
       348          8          0          0          0        160   faddsub.o
        48          0          0          0          0         60   ffixui.o
         0          0          0          0          0          0   usenofp.o

    ----------------------------------------------------------------------
      1372         24          0          0        100       1232   Library Totals
         4          0          0          0          4          0   (incl. Padding)

    ----------------------------------------------------------------------

      Code (inc. data)   RO Data    RW Data    ZI Data      Debug   Library Name

       972         16          0          0         96       1012   c_p.l
       396          8          0          0          0        220   fz_ps.l

    ----------------------------------------------------------------------
      1372         24          0          0        100       1232   Library Totals

    ----------------------------------------------------------------------

==============================================================================


      Code (inc. data)   RO Data    RW Data    ZI Data      Debug   

     12368       1052        212        384       1904     321558   Grand Totals
     12368       1052        212        220       1904     321558   ELF Image Totals (compressed)
     12368       1052        212        220          0          0   ROM Totals

==============================================================================

    Total RO  Size (Code + RO Data)                12580 (  12.29kB)
    Total RW  Size (RW Data + ZI Data)              2288 (   2.23kB)
    Total ROM Size (Code + RO Data + RW Data)      12800 (  12.50kB)

==============================================================================

